../Drivers/STM32G4xx_HAL_Driver/Inc/stm32g4xx_ll_rcc.h:970:26:LL_RCC_HSE_IsReady	4	static
../Drivers/STM32G4xx_HAL_Driver/Inc/stm32g4xx_ll_rcc.h:1009:22:LL_RCC_HSI_Enable	4	static
../Drivers/STM32G4xx_HAL_Driver/Inc/stm32g4xx_ll_rcc.h:1029:26:LL_RCC_HSI_IsReady	4	static
../Drivers/STM32G4xx_HAL_Driver/Inc/stm32g4xx_ll_rcc.h:1055:22:LL_RCC_HSI_SetCalibTrimming	16	static
../Drivers/STM32G4xx_HAL_Driver/Inc/stm32g4xx_ll_rcc.h:1103:26:LL_RCC_HSI48_IsReady	4	static
../Drivers/STM32G4xx_HAL_Driver/Inc/stm32g4xx_ll_rcc.h:1223:26:LL_RCC_LSE_IsReady	4	static
../Drivers/STM32G4xx_HAL_Driver/Inc/stm32g4xx_ll_rcc.h:1271:26:LL_RCC_LSI_IsReady	4	static
../Drivers/STM32G4xx_HAL_Driver/Inc/stm32g4xx_ll_rcc.h:1359:26:LL_RCC_GetSysClkSource	4	static
../Drivers/STM32G4xx_HAL_Driver/Inc/stm32g4xx_ll_rcc.h:1430:26:LL_RCC_GetAHBPrescaler	4	static
../Drivers/STM32G4xx_HAL_Driver/Inc/stm32g4xx_ll_rcc.h:1445:26:LL_RCC_GetAPB1Prescaler	4	static
../Drivers/STM32G4xx_HAL_Driver/Inc/stm32g4xx_ll_rcc.h:1460:26:LL_RCC_GetAPB2Prescaler	4	static
../Drivers/STM32G4xx_HAL_Driver/Inc/stm32g4xx_ll_rcc.h:1746:26:LL_RCC_GetUSARTClockSource	16	static
../Drivers/STM32G4xx_HAL_Driver/Inc/stm32g4xx_ll_rcc.h:1770:26:LL_RCC_GetUARTClockSource	16	static
../Drivers/STM32G4xx_HAL_Driver/Inc/stm32g4xx_ll_rcc.h:1787:26:LL_RCC_GetLPUARTClockSource	16	static
../Drivers/STM32G4xx_HAL_Driver/Inc/stm32g4xx_ll_rcc.h:1818:26:LL_RCC_GetI2CClockSource	24	static
../Drivers/STM32G4xx_HAL_Driver/Inc/stm32g4xx_ll_rcc.h:1835:26:LL_RCC_GetLPTIMClockSource	16	static
../Drivers/STM32G4xx_HAL_Driver/Inc/stm32g4xx_ll_rcc.h:1855:26:LL_RCC_GetSAIClockSource	16	static
../Drivers/STM32G4xx_HAL_Driver/Inc/stm32g4xx_ll_rcc.h:1871:26:LL_RCC_GetI2SClockSource	16	static
../Drivers/STM32G4xx_HAL_Driver/Inc/stm32g4xx_ll_rcc.h:1888:26:LL_RCC_GetFDCANClockSource	16	static
../Drivers/STM32G4xx_HAL_Driver/Inc/stm32g4xx_ll_rcc.h:1903:26:LL_RCC_GetRNGClockSource	16	static
../Drivers/STM32G4xx_HAL_Driver/Inc/stm32g4xx_ll_rcc.h:1917:26:LL_RCC_GetUSBClockSource	16	static
../Drivers/STM32G4xx_HAL_Driver/Inc/stm32g4xx_ll_rcc.h:1938:26:LL_RCC_GetADCClockSource	16	static
../Drivers/STM32G4xx_HAL_Driver/Inc/stm32g4xx_ll_rcc.h:2084:26:LL_RCC_PLL_IsReady	4	static
../Drivers/STM32G4xx_HAL_Driver/Inc/stm32g4xx_ll_rcc.h:2270:26:LL_RCC_PLL_GetMainSource	4	static
../Drivers/STM32G4xx_HAL_Driver/Inc/stm32g4xx_ll_rcc.h:2280:26:LL_RCC_PLL_GetN	4	static
../Drivers/STM32G4xx_HAL_Driver/Inc/stm32g4xx_ll_rcc.h:2322:26:LL_RCC_PLL_GetP	4	static
../Drivers/STM32G4xx_HAL_Driver/Inc/stm32g4xx_ll_rcc.h:2337:26:LL_RCC_PLL_GetQ	4	static
../Drivers/STM32G4xx_HAL_Driver/Inc/stm32g4xx_ll_rcc.h:2352:26:LL_RCC_PLL_GetR	4	static
../Drivers/STM32G4xx_HAL_Driver/Inc/stm32g4xx_ll_rcc.h:2378:26:LL_RCC_PLL_GetDivider	4	static
../Drivers/STM32G4xx_HAL_Driver/Inc/stm32g4xx_ll_rcc.h:2412:26:LL_RCC_PLL_IsEnabledDomain_ADC	4	static
../Drivers/STM32G4xx_HAL_Driver/Inc/stm32g4xx_ll_rcc.h:2446:26:LL_RCC_PLL_IsEnabledDomain_48M	4	static
../Drivers/STM32G4xx_HAL_Driver/Inc/stm32g4xx_ll_rcc.h:2728:22:LL_RCC_ClearResetFlags	4	static
../Drivers/STM32G4xx_HAL_Driver/Src/stm32g4xx_ll_rcc.c:144:13:LL_RCC_DeInit	16	static
../Drivers/STM32G4xx_HAL_Driver/Src/stm32g4xx_ll_rcc.c:219:6:LL_RCC_GetSystemClocksFreq	16	static
../Drivers/STM32G4xx_HAL_Driver/Src/stm32g4xx_ll_rcc.c:244:10:LL_RCC_GetUSARTClockFreq	24	static
../Drivers/STM32G4xx_HAL_Driver/Src/stm32g4xx_ll_rcc.c:357:10:LL_RCC_GetUARTClockFreq	24	static
../Drivers/STM32G4xx_HAL_Driver/Src/stm32g4xx_ll_rcc.c:442:10:LL_RCC_GetI2CClockFreq	24	static
../Drivers/STM32G4xx_HAL_Driver/Src/stm32g4xx_ll_rcc.c:559:10:LL_RCC_GetLPUARTClockFreq	24	static
../Drivers/STM32G4xx_HAL_Driver/Src/stm32g4xx_ll_rcc.c:603:10:LL_RCC_GetLPTIMClockFreq	24	static
../Drivers/STM32G4xx_HAL_Driver/Src/stm32g4xx_ll_rcc.c:655:10:LL_RCC_GetSAIClockFreq	24	static
../Drivers/STM32G4xx_HAL_Driver/Src/stm32g4xx_ll_rcc.c:709:10:LL_RCC_GetI2SClockFreq	24	static
../Drivers/STM32G4xx_HAL_Driver/Src/stm32g4xx_ll_rcc.c:762:10:LL_RCC_GetFDCANClockFreq	24	static
../Drivers/STM32G4xx_HAL_Driver/Src/stm32g4xx_ll_rcc.c:809:10:LL_RCC_GetRNGClockFreq	24	static
../Drivers/STM32G4xx_HAL_Driver/Src/stm32g4xx_ll_rcc.c:853:10:LL_RCC_GetUSBClockFreq	24	static
../Drivers/STM32G4xx_HAL_Driver/Src/stm32g4xx_ll_rcc.c:899:10:LL_RCC_GetADCClockFreq	24	static
../Drivers/STM32G4xx_HAL_Driver/Src/stm32g4xx_ll_rcc.c:1026:17:RCC_GetSystemClockFreq	16	static
../Drivers/STM32G4xx_HAL_Driver/Src/stm32g4xx_ll_rcc.c:1058:17:RCC_GetHCLKClockFreq	16	static
../Drivers/STM32G4xx_HAL_Driver/Src/stm32g4xx_ll_rcc.c:1069:17:RCC_GetPCLK1ClockFreq	16	static
../Drivers/STM32G4xx_HAL_Driver/Src/stm32g4xx_ll_rcc.c:1080:17:RCC_GetPCLK2ClockFreq	16	static
../Drivers/STM32G4xx_HAL_Driver/Src/stm32g4xx_ll_rcc.c:1090:17:RCC_PLL_GetFreqDomain_SYS	24	static
../Drivers/STM32G4xx_HAL_Driver/Src/stm32g4xx_ll_rcc.c:1121:17:RCC_PLL_GetFreqDomain_ADC	24	static
../Drivers/STM32G4xx_HAL_Driver/Src/stm32g4xx_ll_rcc.c:1152:17:RCC_PLL_GetFreqDomain_48M	24	static
