../Drivers/CMSIS/Include/core_cm4.h:1648:22:__NVIC_SetPriorityGrouping	24	static
../Drivers/CMSIS/Include/core_cm4.h:1679:22:__NVIC_EnableIRQ	16	static,ignoring_inline_asm
../Drivers/CMSIS/Include/core_cm4.h:1809:22:__NVIC_SetPriority	16	static
../Drivers/CMSIS/Include/core_cm4.h:2017:26:SysTick_Config	16	static
../Core/MySrc/../MyInc/../MyInc/blinky.h:50:20:produce_sig_dict	8	static
../Core/MySrc/bsp.c:60:12:Q_onError	16	static
../Core/MySrc/bsp.c:107:6:assert_failed	16	static
../Core/MySrc/bsp.c:113:6:SysTick_Handler	16	static,ignoring_inline_asm
../Core/MySrc/bsp.c:129:6:BSP_init	8	static
../Core/MySrc/bsp.c:146:6:BSP_start	24	static
../Core/MySrc/bsp.c:168:6:BSP_BtnEvt	4	static
../Core/MySrc/bsp.c:176:5:BSP_isBlinking	4	static
../Core/MySrc/bsp.c:180:6:BSP_blinkyStart	208	static
../Core/MySrc/bsp.c:187:6:BSP_blinkyStop	208	static
../Core/MySrc/bsp.c:194:6:BSP_ledOn	4	static
../Core/MySrc/bsp.c:198:6:BSP_ledOff	4	static
../Core/MySrc/bsp.c:202:6:BSP_terminate	16	static
../Core/MySrc/bsp.c:208:6:QF_onStartup	8	static
../Core/MySrc/bsp.c:230:6:QF_onCleanup	4	static
../Core/MySrc/bsp.c:234:6:QK_onIdle	16	static
