../Middlewares/Third_Party/QuantumLeaps_RTEF_qpc/include/qs.h:984:20:QS_rxPut	24	static
../Drivers/CMSIS/Include/core_cm4.h:1933:34:__NVIC_SystemReset	4	static,ignoring_inline_asm
../Core/MySrc/QSpy.c:22:6:LPUSART_IRQHandler	16	static,ignoring_inline_asm
../Core/MySrc/QSpy.c:32:9:QS_onStartup	16	static
../Core/MySrc/QSpy.c:68:6:QS_onCleanup	4	static
../Core/MySrc/QSpy.c:72:11:QS_onGetTime	4	static
../Core/MySrc/QSpy.c:83:6:QS_onFlush	16	static
../Core/MySrc/QSpy.c:96:6:QS_onReset	8	static
../Core/MySrc/QSpy.c:100:6:QS_onCommand	24	static
