Archive member included to satisfy reference by file (symbol)

/opt/st/stm32cubeide_1.16.0/plugins/com.st.stm32cube.ide.mcu.externaltools.gnu-tools-for-stm32.12.3.rel1.linux64_1.0.200.202406132123/tools/bin/../lib/gcc/arm-none-eabi/12.3.1/../../../../arm-none-eabi/lib/thumb/v7e-m+fp/hard/libc_nano.a(libc_a-exit.o)
                              /opt/st/stm32cubeide_1.16.0/plugins/com.st.stm32cube.ide.mcu.externaltools.gnu-tools-for-stm32.12.3.rel1.linux64_1.0.200.202406132123/tools/bin/../lib/gcc/arm-none-eabi/12.3.1/../../../../arm-none-eabi/lib/thumb/v7e-m+fp/hard/crt0.o (exit)
/opt/st/stm32cubeide_1.16.0/plugins/com.st.stm32cube.ide.mcu.externaltools.gnu-tools-for-stm32.12.3.rel1.linux64_1.0.200.202406132123/tools/bin/../lib/gcc/arm-none-eabi/12.3.1/../../../../arm-none-eabi/lib/thumb/v7e-m+fp/hard/libc_nano.a(libc_a-findfp.o)
                              /opt/st/stm32cubeide_1.16.0/plugins/com.st.stm32cube.ide.mcu.externaltools.gnu-tools-for-stm32.12.3.rel1.linux64_1.0.200.202406132123/tools/bin/../lib/gcc/arm-none-eabi/12.3.1/../../../../arm-none-eabi/lib/thumb/v7e-m+fp/hard/libc_nano.a(libc_a-exit.o) (__stdio_exit_handler)
/opt/st/stm32cubeide_1.16.0/plugins/com.st.stm32cube.ide.mcu.externaltools.gnu-tools-for-stm32.12.3.rel1.linux64_1.0.200.202406132123/tools/bin/../lib/gcc/arm-none-eabi/12.3.1/../../../../arm-none-eabi/lib/thumb/v7e-m+fp/hard/libc_nano.a(libc_a-fwalk.o)
                              /opt/st/stm32cubeide_1.16.0/plugins/com.st.stm32cube.ide.mcu.externaltools.gnu-tools-for-stm32.12.3.rel1.linux64_1.0.200.202406132123/tools/bin/../lib/gcc/arm-none-eabi/12.3.1/../../../../arm-none-eabi/lib/thumb/v7e-m+fp/hard/libc_nano.a(libc_a-findfp.o) (_fwalk_sglue)
/opt/st/stm32cubeide_1.16.0/plugins/com.st.stm32cube.ide.mcu.externaltools.gnu-tools-for-stm32.12.3.rel1.linux64_1.0.200.202406132123/tools/bin/../lib/gcc/arm-none-eabi/12.3.1/../../../../arm-none-eabi/lib/thumb/v7e-m+fp/hard/libc_nano.a(libc_a-sprintf.o)
                              ./Core/MySrc/bsp.o (sprintf)
/opt/st/stm32cubeide_1.16.0/plugins/com.st.stm32cube.ide.mcu.externaltools.gnu-tools-for-stm32.12.3.rel1.linux64_1.0.200.202406132123/tools/bin/../lib/gcc/arm-none-eabi/12.3.1/../../../../arm-none-eabi/lib/thumb/v7e-m+fp/hard/libc_nano.a(libc_a-stdio.o)
                              /opt/st/stm32cubeide_1.16.0/plugins/com.st.stm32cube.ide.mcu.externaltools.gnu-tools-for-stm32.12.3.rel1.linux64_1.0.200.202406132123/tools/bin/../lib/gcc/arm-none-eabi/12.3.1/../../../../arm-none-eabi/lib/thumb/v7e-m+fp/hard/libc_nano.a(libc_a-findfp.o) (__sread)
/opt/st/stm32cubeide_1.16.0/plugins/com.st.stm32cube.ide.mcu.externaltools.gnu-tools-for-stm32.12.3.rel1.linux64_1.0.200.202406132123/tools/bin/../lib/gcc/arm-none-eabi/12.3.1/../../../../arm-none-eabi/lib/thumb/v7e-m+fp/hard/libc_nano.a(libc_a-memset.o)
                              /opt/st/stm32cubeide_1.16.0/plugins/com.st.stm32cube.ide.mcu.externaltools.gnu-tools-for-stm32.12.3.rel1.linux64_1.0.200.202406132123/tools/bin/../lib/gcc/arm-none-eabi/12.3.1/../../../../arm-none-eabi/lib/thumb/v7e-m+fp/hard/crt0.o (memset)
/opt/st/stm32cubeide_1.16.0/plugins/com.st.stm32cube.ide.mcu.externaltools.gnu-tools-for-stm32.12.3.rel1.linux64_1.0.200.202406132123/tools/bin/../lib/gcc/arm-none-eabi/12.3.1/../../../../arm-none-eabi/lib/thumb/v7e-m+fp/hard/libc_nano.a(libc_a-closer.o)
                              /opt/st/stm32cubeide_1.16.0/plugins/com.st.stm32cube.ide.mcu.externaltools.gnu-tools-for-stm32.12.3.rel1.linux64_1.0.200.202406132123/tools/bin/../lib/gcc/arm-none-eabi/12.3.1/../../../../arm-none-eabi/lib/thumb/v7e-m+fp/hard/libc_nano.a(libc_a-stdio.o) (_close_r)
/opt/st/stm32cubeide_1.16.0/plugins/com.st.stm32cube.ide.mcu.externaltools.gnu-tools-for-stm32.12.3.rel1.linux64_1.0.200.202406132123/tools/bin/../lib/gcc/arm-none-eabi/12.3.1/../../../../arm-none-eabi/lib/thumb/v7e-m+fp/hard/libc_nano.a(libc_a-reent.o)
                              /opt/st/stm32cubeide_1.16.0/plugins/com.st.stm32cube.ide.mcu.externaltools.gnu-tools-for-stm32.12.3.rel1.linux64_1.0.200.202406132123/tools/bin/../lib/gcc/arm-none-eabi/12.3.1/../../../../arm-none-eabi/lib/thumb/v7e-m+fp/hard/libc_nano.a(libc_a-closer.o) (errno)
/opt/st/stm32cubeide_1.16.0/plugins/com.st.stm32cube.ide.mcu.externaltools.gnu-tools-for-stm32.12.3.rel1.linux64_1.0.200.202406132123/tools/bin/../lib/gcc/arm-none-eabi/12.3.1/../../../../arm-none-eabi/lib/thumb/v7e-m+fp/hard/libc_nano.a(libc_a-impure.o)
                              /opt/st/stm32cubeide_1.16.0/plugins/com.st.stm32cube.ide.mcu.externaltools.gnu-tools-for-stm32.12.3.rel1.linux64_1.0.200.202406132123/tools/bin/../lib/gcc/arm-none-eabi/12.3.1/../../../../arm-none-eabi/lib/thumb/v7e-m+fp/hard/libc_nano.a(libc_a-sprintf.o) (_impure_ptr)
/opt/st/stm32cubeide_1.16.0/plugins/com.st.stm32cube.ide.mcu.externaltools.gnu-tools-for-stm32.12.3.rel1.linux64_1.0.200.202406132123/tools/bin/../lib/gcc/arm-none-eabi/12.3.1/../../../../arm-none-eabi/lib/thumb/v7e-m+fp/hard/libc_nano.a(libc_a-lseekr.o)
[...]
Memory Configuration

Name             Origin             Length             Attributes
RAM              0x20000000         0x00008000         xrw
FLASH            0x08000000         0x0001c000         xr
*default*        0x00000000         0xffffffff

Linker script and memory map

LOAD /opt/st/stm32cubeide_1.16.0/plugins/com.st.stm32cube.ide.mcu.externaltools.gnu-tools-for-stm32.12.3.rel1.linux64_1.0.200.202406132123/tools/bin/../lib/gcc/arm-none-eabi/12.3.1/thumb/v7e-m+fp/hard/crti.o
LOAD /opt/st/stm32cubeide_1.16.0/plugins/com.st.stm32cube.ide.mcu.externaltools.gnu-tools-for-stm32.12.3.rel1.linux64_1.0.200.202406132123/tools/bin/../lib/gcc/arm-none-eabi/12.3.1/thumb/v7e-m+fp/hard/crtbegin.o
LOAD /opt/st/stm32cubeide_1.16.0/plugins/com.st.stm32cube.ide.mcu.externaltools.gnu-tools-for-stm32.12.3.rel1.linux64_1.0.200.202406132123/tools/bin/../lib/gcc/arm-none-eabi/12.3.1/../../../../arm-none-eabi/lib/thumb/v7e-m+fp/hard/crt0.o
LOAD ./Core/MySrc/QSpy.o
LOAD ./Core/MySrc/blinky.o
LOAD ./Core/MySrc/bsp.o
LOAD ./Core/Src/main.o
LOAD ./Core/Src/stm32g4xx_hal_msp.o
LOAD ./Core/Src/stm32g4xx_it.o
LOAD ./Core/Src/syscalls.o
LOAD ./Core/Src/sysmem.o
LOAD ./Core/Src/system_stm32g4xx.o
LOAD ./Core/Startup/startup_stm32g431rbtx.o
LOAD ./Drivers/STM32G4xx_HAL_Driver/Src/stm32g4xx_hal.o
LOAD ./Drivers/STM32G4xx_HAL_Driver/Src/stm32g4xx_hal_cortex.o
LOAD ./Drivers/STM32G4xx_HAL_Driver/Src/stm32g4xx_hal_dma.o
LOAD ./Drivers/STM32G4xx_HAL_Driver/Src/stm32g4xx_hal_dma_ex.o
LOAD ./Drivers/STM32G4xx_HAL_Driver/Src/stm32g4xx_hal_exti.o
LOAD ./Drivers/STM32G4xx_HAL_Driver/Src/stm32g4xx_hal_flash.o
LOAD ./Drivers/STM32G4xx_HAL_Driver/Src/stm32g4xx_hal_flash_ex.o
LOAD ./Drivers/STM32G4xx_HAL_Driver/Src/stm32g4xx_hal_flash_ramfunc.o
LOAD ./Drivers/STM32G4xx_HAL_Driver/Src/stm32g4xx_hal_gpio.o
LOAD ./Drivers/STM32G4xx_HAL_Driver/Src/stm32g4xx_hal_pwr.o
LOAD ./Drivers/STM32G4xx_HAL_Driver/Src/stm32g4xx_hal_pwr_ex.o
LOAD ./Drivers/STM32G4xx_HAL_Driver/Src/stm32g4xx_hal_rcc.o
LOAD ./Drivers/STM32G4xx_HAL_Driver/Src/stm32g4xx_hal_rcc_ex.o
LOAD ./Drivers/STM32G4xx_HAL_Driver/Src/stm32g4xx_hal_tim.o
LOAD ./Drivers/STM32G4xx_HAL_Driver/Src/stm32g4xx_hal_tim_ex.o
LOAD ./Drivers/STM32G4xx_HAL_Driver/Src/stm32g4xx_ll_dma.o
LOAD ./Drivers/STM32G4xx_HAL_Driver/Src/stm32g4xx_ll_exti.o
LOAD ./Drivers/STM32G4xx_HAL_Driver/Src/stm32g4xx_ll_gpio.o
LOAD ./Drivers/STM32G4xx_HAL_Driver/Src/stm32g4xx_ll_lpuart.o
LOAD ./Drivers/STM32G4xx_HAL_Driver/Src/stm32g4xx_ll_rcc.o
LOAD ./Drivers/STM32G4xx_HAL_Driver/Src/stm32g4xx_ll_utils.o
LOAD ./Middlewares/Third_Party/QuantumLeaps_RTEF_qpc/ports/arm-cm/qk/gnu/qk_port.o
LOAD ./Middlewares/Third_Party/QuantumLeaps_RTEF_qpc/src/qf/qep_hsm.o
LOAD ./Middlewares/Third_Party/QuantumLeaps_RTEF_qpc/src/qf/qep_msm.o
LOAD ./Middlewares/Third_Party/QuantumLeaps_RTEF_qpc/src/qf/qf_act.o
LOAD ./Middlewares/Third_Party/QuantumLeaps_RTEF_qpc/src/qf/qf_actq.o
LOAD ./Middlewares/Third_Party/QuantumLeaps_RTEF_qpc/src/qf/qf_defer.o
LOAD ./Middlewares/Third_Party/QuantumLeaps_RTEF_qpc/src/qf/qf_dyn.o
LOAD ./Middlewares/Third_Party/QuantumLeaps_RTEF_qpc/src/qf/qf_mem.o
LOAD ./Middlewares/Third_Party/QuantumLeaps_RTEF_qpc/src/qf/qf_ps.o
LOAD ./Middlewares/Third_Party/QuantumLeaps_RTEF_qpc/src/qf/qf_qact.o
LOAD ./Middlewares/Third_Party/QuantumLeaps_RTEF_qpc/src/qf/qf_qeq.o
LOAD ./Middlewares/Third_Party/QuantumLeaps_RTEF_qpc/src/qf/qf_qmact.o
LOAD ./Middlewares/Third_Party/QuantumLeaps_RTEF_qpc/src/qf/qf_time.o
LOAD ./Middlewares/Third_Party/QuantumLeaps_RTEF_qpc/src/qk/qk.o
LOAD ./Middlewares/Third_Party/QuantumLeaps_RTEF_qpc/src/qs/qs.o
LOAD ./Middlewares/Third_Party/QuantumLeaps_RTEF_qpc/src/qs/qs_64bit.o
LOAD ./Middlewares/Third_Party/QuantumLeaps_RTEF_qpc/src/qs/qs_fp.o
LOAD ./Middlewares/Third_Party/QuantumLeaps_RTEF_qpc/src/qs/qs_rx.o
LOAD ./Middlewares/Third_Party/QuantumLeaps_RTEF_qpc/src/qs/qstamp.o
LOAD ./Middlewares/Third_Party/QuantumLeaps_RTEF_qpc/src/qs/qutest.o
START GROUP
LOAD /opt/st/stm32cubeide_1.16.0/plugins/com.st.stm32cube.ide.mcu.externaltools.gnu-tools-for-stm32.12.3.rel1.linux64_1.0.200.202406132123/tools/bin/../lib/gcc/arm-none-eabi/12.3.1/../../../../arm-none-eabi/lib/thumb/v7e-m+fp/hard/libc_nano.a
LOAD /opt/st/stm32cubeide_1.16.0/plugins/com.st.stm32cube.ide.mcu.externaltools.gnu-tools-for-stm32.12.3.rel1.linux64_1.0.200.202406132123/tools/bin/../lib/gcc/arm-none-eabi/12.3.1/../../../../arm-none-eabi/lib/thumb/v7e-m+fp/hard/libm.a
END GROUP
START GROUP
LOAD /opt/st/stm32cubeide_1.16.0/plugins/com.st.stm32cube.ide.mcu.externaltools.gnu-tools-for-stm32.12.3.rel1.linux64_1.0.200.202406132123/tools/bin/../lib/gcc/arm-none-eabi/12.3.1/thumb/v7e-m+fp/hard/libgcc.a
LOAD /opt/st/stm32cubeide_1.16.0/plugins/com.st.stm32cube.ide.mcu.externaltools.gnu-tools-for-stm32.12.3.rel1.linux64_1.0.200.202406132123/tools/bin/../lib/gcc/arm-none-eabi/12.3.1/../../../../arm-none-eabi/lib/thumb/v7e-m+fp/hard/libc_nano.a
END GROUP
START GROUP
LOAD /opt/st/stm32cubeide_1.16.0/plugins/com.st.stm32cube.ide.mcu.externaltools.gnu-tools-for-stm32.12.3.rel1.linux64_1.0.200.202406132123/tools/bin/../lib/gcc/arm-none-eabi/12.3.1/thumb/v7e-m+fp/hard/libgcc.a
LOAD /opt/st/stm32cubeide_1.16.0/plugins/com.st.stm32cube.ide.mcu.externaltools.gnu-tools-for-stm32.12.3.rel1.linux64_1.0.200.202406132123/tools/bin/../lib/gcc/arm-none-eabi/12.3.1/../../../../arm-none-eabi/lib/thumb/v7e-m+fp/hard/libc_nano.a
LOAD /opt/st/stm32cubeide_1.16.0/plugins/com.st.stm32cube.ide.mcu.externaltools.gnu-tools-for-stm32.12.3.rel1.linux64_1.0.200.202406132123/tools/bin/../lib/gcc/arm-none-eabi/12.3.1/../../../../arm-none-eabi/lib/thumb/v7e-m+fp/hard/libnosys.a
END GROUP
START GROUP
LOAD /opt/st/stm32cubeide_1.16.0/plugins/com.st.stm32cube.ide.mcu.externaltools.gnu-tools-for-stm32.12.3.rel1.linux64_1.0.200.202406132123/tools/bin/../lib/gcc/arm-none-eabi/12.3.1/thumb/v7e-m+fp/hard/libgcc.a
LOAD /opt/st/stm32cubeide_1.16.0/plugins/com.st.stm32cube.ide.mcu.externaltools.gnu-tools-for-stm32.12.3.rel1.linux64_1.0.200.202406132123/tools/bin/../lib/gcc/arm-none-eabi/12.3.1/../../../../arm-none-eabi/lib/thumb/v7e-m+fp/hard/libc_nano.a
LOAD /opt/st/stm32cubeide_1.16.0/plugins/com.st.stm32cube.ide.mcu.externaltools.gnu-tools-for-stm32.12.3.rel1.linux64_1.0.200.202406132123/tools/bin/../lib/gcc/arm-none-eabi/12.3.1/../../../../arm-none-eabi/lib/thumb/v7e-m+fp/hard/libnosys.a
END GROUP
LOAD /opt/st/stm32cubeide_1.16.0/plugins/com.st.stm32cube.ide.mcu.externaltools.gnu-tools-for-stm32.12.3.rel1.linux64_1.0.200.202406132123/tools/bin/../lib/gcc/arm-none-eabi/12.3.1/thumb/v7e-m+fp/hard/crtend.o
LOAD /opt/st/stm32cubeide_1.16.0/plugins/com.st.stm32cube.ide.mcu.externaltools.gnu-tools-for-stm32.12.3.rel1.linux64_1.0.200.202406132123/tools/bin/../lib/gcc/arm-none-eabi/12.3.1/thumb/v7e-m+fp/hard/crtn.o
                0x20008000                        _estack = (ORIGIN (RAM) + LENGTH (RAM))
                0x00000200                        _Min_Heap_Size = 0x200
                0x00000400                        _Min_Stack_Size = 0x400

.isr_vector     0x08000000      0x1d8
                0x08000000                        . = ALIGN (0x4)
 *(.isr_vector)
 .isr_vector    0x08000000      0x1d8 ./Core/Startup/startup_stm32g431rbtx.o
                0x08000000                g_pfnVectors
                0x080001d8                        . = ALIGN (0x4)

.text           0x080001d8     0x75c0
                0x080001d8                        . = ALIGN (0x4)
 *(.text)
 .text          0x080001d8       0x40 /opt/st/stm32cubeide_1.16.0/plugins/com.st.stm32cube.ide.mcu.externaltools.gnu-tools-for-stm32.12.3.rel1.linux64_1.0.200.202406132123/tools/bin/../lib/gcc/arm-none-eabi/12.3.1/thumb/v7e-m+fp/hard/crtbegin.o
 .text          0x08000218       0x30 /opt/st/stm32cubeide_1.16.0/plugins/com.st.stm32cube.ide.mcu.externaltools.gnu-tools-for-stm32.12.3.rel1.linux64_1.0.200.202406132123/tools/bin/../lib/gcc/arm-none-eabi/12.3.1/thumb/v7e-m+fp/hard/libgcc.a(_aeabi_uldivmod.o)
                0x08000218                __aeabi_uldivmod
 .text          0x08000248      0x2bc /opt/st/stm32cubeide_1.16.0/plugins/com.st.stm32cube.ide.mcu.externaltools.gnu-tools-for-stm32.12.3.rel1.linux64_1.0.200.202406132123/tools/bin/../lib/gcc/arm-none-eabi/12.3.1/thumb/v7e-m+fp/hard/libgcc.a(_udivmoddi4.o)
                0x08000248                __udivmoddi4
 .text          0x08000504        0x4 /opt/st/stm32cubeide_1.16.0/plugins/com.st.stm32cube.ide.mcu.externaltools.gnu-tools-for-stm32.12.3.rel1.linux64_1.0.200.202406132123/tools/bin/../lib/gcc/arm-none-eabi/12.3.1/thumb/v7e-m+fp/hard/libgcc.a(_dvmd_tls.o)
                0x08000504                __aeabi_ldiv0
                0x08000504                __aeabi_idiv0
 *(.text*)
 .text.__NVIC_SystemReset
                0x08000508       0x2c ./Core/MySrc/QSpy.o
 .text.QS_onStartup
                0x08000534       0x54 ./Core/MySrc/QSpy.o
                0x08000534                QS_onStartup
 .text.QS_onCleanup
                0x08000588        0xe ./Core/MySrc/QSpy.o
                0x08000588                QS_onCleanup
 *fill*         0x08000596        0x2 
 .text.QS_onGetTime
                0x08000598       0x44 ./Core/MySrc/QSpy.o
                0x08000598                QS_onGetTime
 .text.QS_onFlush
                0x080005dc       0x3c ./Core/MySrc/QSpy.o
                0x080005dc                QS_onFlush
 .text.QS_onReset
                0x08000618        0x8 ./Core/MySrc/QSpy.o
                0x08000618                QS_onReset
 .text.QS_onCommand
                0x08000620       0x1c ./Core/MySrc/QSpy.o
                0x08000620                QS_onCommand
 .text.Blinky_ctor
                0x0800063c       0x44 ./Core/MySrc/blinky.o
                0x0800063c                Blinky_ctor
 .text.Blinky_initial
                0x08000680       0x68 ./Core/MySrc/blinky.o
 .text.Blinky_off
                0x080006e8      0x108 ./Core/MySrc/blinky.o
 .text.Blinky_on
                0x080007f0      0x108 ./Core/MySrc/blinky.o
 .text.__NVIC_SetPriorityGrouping
                0x080008f8       0x48 ./Core/MySrc/bsp.o
 .text.__NVIC_EnableIRQ
                0x08000940       0x3c ./Core/MySrc/bsp.o
 .text.__NVIC_SetPriority
                0x0800097c       0x54 ./Core/MySrc/bsp.o
 .text.SysTick_Config
                0x080009d0       0x44 ./Core/MySrc/bsp.o
 .text.produce_sig_dict
                0x08000a14       0x18 ./Core/MySrc/bsp.o
 .text.Q_onError
                0x08000a2c       0x22 ./Core/MySrc/bsp.o
                0x08000a2c                Q_onError
 *fill*         0x08000a4e        0x2 
 .text.SysTick_Handler
                0x08000a50       0x5c ./Core/MySrc/bsp.o
                0x08000a50                SysTick_Handler
 .text.BSP_init
                0x08000aac       0x6c ./Core/MySrc/bsp.o
                0x08000aac                BSP_init
 .text.BSP_start
                0x08000b18       0x4c ./Core/MySrc/bsp.o
                0x08000b18                BSP_start
 .text.BSP_ledOn
                0x08000b64       0x16 ./Core/MySrc/bsp.o
                0x08000b64                BSP_ledOn
 .text.BSP_ledOff
                0x08000b7a       0x18 ./Core/MySrc/bsp.o
                0x08000b7a                BSP_ledOff
 *fill*         0x08000b92        0x2 
 .text.QF_onStartup
                0x08000b94       0x50 ./Core/MySrc/bsp.o
                0x08000b94                QF_onStartup
 .text.QK_onIdle
                0x08000be4       0x44 ./Core/MySrc/bsp.o
                0x08000be4                QK_onIdle
 .text.__NVIC_GetPriorityGrouping
                0x08000c28       0x1c ./Core/Src/main.o
 .text.__NVIC_EnableIRQ
                0x08000c44       0x3c ./Core/Src/main.o
 .text.__NVIC_SetPriority
                0x08000c80       0x54 ./Core/Src/main.o
 .text.NVIC_EncodePriority
                0x08000cd4       0x66 ./Core/Src/main.o
 .text.LL_LPUART_Enable
                0x08000d3a       0x20 ./Core/Src/main.o
 .text.LL_LPUART_EnableFIFO
                0x08000d5a       0x20 ./Core/Src/main.o
 .text.LL_LPUART_SetTXFIFOThreshold
                0x08000d7a       0x4e ./Core/Src/main.o
 .text.LL_LPUART_SetRXFIFOThreshold
                0x08000dc8       0x4e ./Core/Src/main.o
 .text.LL_LPUART_IsActiveFlag_TEACK
                0x08000e16       0x28 ./Core/Src/main.o
 .text.LL_LPUART_IsActiveFlag_REACK
                0x08000e3e       0x28 ./Core/Src/main.o
 *fill*         0x08000e66        0x2 
 .text.LL_RCC_HSI_Enable
                0x08000e68       0x20 ./Core/Src/main.o
 .text.LL_RCC_HSI_IsReady
                0x08000e88       0x28 ./Core/Src/main.o
 .text.LL_RCC_HSI_SetCalibTrimming
                0x08000eb0       0x2c ./Core/Src/main.o
 .text.LL_RCC_SetSysClkSource
                0x08000edc       0x28 ./Core/Src/main.o
 .text.LL_RCC_GetSysClkSource
                0x08000f04       0x1c ./Core/Src/main.o
 .text.LL_RCC_SetAHBPrescaler
                0x08000f20       0x28 ./Core/Src/main.o
 .text.LL_RCC_SetAPB1Prescaler
                0x08000f48       0x28 ./Core/Src/main.o
 .text.LL_RCC_SetAPB2Prescaler
                0x08000f70       0x28 ./Core/Src/main.o
 .text.LL_RCC_SetLPUARTClockSource
                0x08000f98       0x2c ./Core/Src/main.o
 .text.LL_RCC_PLL_Enable
                0x08000fc4       0x20 ./Core/Src/main.o
 .text.LL_RCC_PLL_IsReady
                0x08000fe4       0x28 ./Core/Src/main.o
 .text.LL_RCC_PLL_ConfigDomain_SYS
                0x0800100c       0x40 ./Core/Src/main.o
 .text.LL_RCC_PLL_EnableDomain_SYS
                0x0800104c       0x20 ./Core/Src/main.o
 .text.LL_AHB2_GRP1_EnableClock
                0x0800106c       0x30 ./Core/Src/main.o
 .text.LL_APB1_GRP2_EnableClock
                0x0800109c       0x30 ./Core/Src/main.o
 .text.LL_FLASH_SetLatency
                0x080010cc       0x28 ./Core/Src/main.o
 .text.LL_FLASH_GetLatency
                0x080010f4       0x1c ./Core/Src/main.o
 .text.LL_PWR_EnableRange1BoostMode
                0x08001110       0x24 ./Core/Src/main.o
 .text.main     0x08001134       0x2a ./Core/Src/main.o
                0x08001134                main
 *fill*         0x0800115e        0x2 
 .text.SystemClock_Config
                0x08001160       0xb0 ./Core/Src/main.o
                0x08001160                SystemClock_Config
 .text.MX_LPUART1_UART_Init
                0x08001210      0x114 ./Core/Src/main.o
 .text.MX_GPIO_Init
                0x08001324       0xd8 ./Core/Src/main.o
 .text.Error_Handler
                0x080013fc        0xc ./Core/Src/main.o
                0x080013fc                Error_Handler
 .text.HAL_MspInit
                0x08001408       0x48 ./Core/Src/stm32g4xx_hal_msp.o
                0x08001408                HAL_MspInit
 .text.HardFault_Handler
                0x08001450        0x8 ./Core/Src/stm32g4xx_it.o
                0x08001450                HardFault_Handler
 .text.MemManage_Handler
                0x08001458        0x8 ./Core/Src/stm32g4xx_it.o
                0x08001458                MemManage_Handler
 .text.BusFault_Handler
                0x08001460        0x8 ./Core/Src/stm32g4xx_it.o
                0x08001460                BusFault_Handler
 .text.UsageFault_Handler
                0x08001468        0x8 ./Core/Src/stm32g4xx_it.o
                0x08001468                UsageFault_Handler
 .text.SVC_Handler
                0x08001470        0xe ./Core/Src/stm32g4xx_it.o
                0x08001470                SVC_Handler
 .text.DebugMon_Handler
                0x0800147e        0xe ./Core/Src/stm32g4xx_it.o
                0x0800147e                DebugMon_Handler
 .text.EXTI15_10_IRQHandler
                0x0800148c       0x10 ./Core/Src/stm32g4xx_it.o
                0x0800148c                EXTI15_10_IRQHandler
 .text.LPUART1_IRQHandler
                0x0800149c        0xe ./Core/Src/stm32g4xx_it.o
                0x0800149c                LPUART1_IRQHandler
 *fill*         0x080014aa        0x2 
 .text.SystemInit
                0x080014ac       0x24 ./Core/Src/system_stm32g4xx.o
                0x080014ac                SystemInit
 .text.Reset_Handler
                0x080014d0       0x50 ./Core/Startup/startup_stm32g431rbtx.o
                0x080014d0                Reset_Handler
 .text.Default_Handler
                0x08001520        0x2 ./Core/Startup/startup_stm32g431rbtx.o
                0x08001520                RTC_Alarm_IRQHandler
                0x08001520                EXTI2_IRQHandler
                0x08001520                TIM8_TRG_COM_IRQHandler
                0x08001520                TIM8_CC_IRQHandler
                0x08001520                TIM1_CC_IRQHandler
                0x08001520                USB_HP_IRQHandler
                0x08001520                CORDIC_IRQHandler
                0x08001520                EXTI3_IRQHandler
                0x08001520                I2C3_ER_IRQHandler
                0x08001520                EXTI0_IRQHandler
                0x08001520                I2C2_EV_IRQHandler
                0x08001520                FPU_IRQHandler
                0x08001520                FDCAN1_IT1_IRQHandler
                0x08001520                TIM1_UP_TIM16_IRQHandler
                0x08001520                ADC1_2_IRQHandler
                0x08001520                SPI1_IRQHandler
                0x08001520                TIM6_DAC_IRQHandler
                0x08001520                TIM8_UP_IRQHandler
                0x08001520                DMA2_Channel2_IRQHandler
                0x08001520                DMA1_Channel4_IRQHandler
                0x08001520                USART3_IRQHandler
                0x08001520                TIM4_IRQHandler
                0x08001520                DMA2_Channel1_IRQHandler
                0x08001520                I2C1_EV_IRQHandler
                0x08001520                DMA1_Channel6_IRQHandler
                0x08001520                UART4_IRQHandler
                0x08001520                DMA2_Channel4_IRQHandler
                0x08001520                TIM3_IRQHandler
                0x08001520                RCC_IRQHandler
                0x08001520                DMA1_Channel1_IRQHandler
                0x08001520                Default_Handler
                0x08001520                RTC_TAMP_LSECSS_IRQHandler
                0x08001520                FMAC_IRQHandler
                0x08001520                TIM7_IRQHandler
                0x08001520                UCPD1_IRQHandler
                0x08001520                I2C3_EV_IRQHandler
                0x08001520                EXTI9_5_IRQHandler
                0x08001520                RTC_WKUP_IRQHandler
                0x08001520                PVD_PVM_IRQHandler
                0x08001520                SPI2_IRQHandler
                0x08001520                DMA2_Channel5_IRQHandler
                0x08001520                CRS_IRQHandler
                0x08001520                DMA1_Channel5_IRQHandler
                0x08001520                USB_LP_IRQHandler
                0x08001520                EXTI4_IRQHandler
                0x08001520                RNG_IRQHandler
                0x08001520                TIM1_TRG_COM_TIM17_IRQHandler
                0x08001520                DMA1_Channel3_IRQHandler
                0x08001520                WWDG_IRQHandler
                0x08001520                DMA2_Channel6_IRQHandler
                0x08001520                FDCAN1_IT0_IRQHandler
                0x08001520                TIM2_IRQHandler
                0x08001520                COMP1_2_3_IRQHandler
                0x08001520                EXTI1_IRQHandler
                0x08001520                USART2_IRQHandler
                0x08001520                I2C2_ER_IRQHandler
                0x08001520                DMA1_Channel2_IRQHandler
                0x08001520                TIM8_BRK_IRQHandler
                0x08001520                FLASH_IRQHandler
                0x08001520                USART1_IRQHandler
                0x08001520                SPI3_IRQHandler
                0x08001520                I2C1_ER_IRQHandler
                0x08001520                LPTIM1_IRQHandler
                0x08001520                DMAMUX_OVR_IRQHandler
                0x08001520                USBWakeUp_IRQHandler
                0x08001520                SAI1_IRQHandler
                0x08001520                DMA2_Channel3_IRQHandler
                0x08001520                COMP4_IRQHandler
                0x08001520                TIM1_BRK_TIM15_IRQHandler
 .text.HAL_Init
                0x08001522       0x30 ./Drivers/STM32G4xx_HAL_Driver/Src/stm32g4xx_hal.o
                0x08001522                HAL_Init
 *fill*         0x08001552        0x2 
 .text.HAL_InitTick
                0x08001554       0x74 ./Drivers/STM32G4xx_HAL_Driver/Src/stm32g4xx_hal.o
                0x08001554                HAL_InitTick
 .text.__NVIC_SetPriorityGrouping
                0x080015c8       0x48 ./Drivers/STM32G4xx_HAL_Driver/Src/stm32g4xx_hal_cortex.o
 .text.__NVIC_GetPriorityGrouping
                0x08001610       0x1c ./Drivers/STM32G4xx_HAL_Driver/Src/stm32g4xx_hal_cortex.o
 .text.__NVIC_SetPriority
                0x0800162c       0x54 ./Drivers/STM32G4xx_HAL_Driver/Src/stm32g4xx_hal_cortex.o
 .text.NVIC_EncodePriority
                0x08001680       0x66 ./Drivers/STM32G4xx_HAL_Driver/Src/stm32g4xx_hal_cortex.o
 *fill*         0x080016e6        0x2 
 .text.SysTick_Config
                0x080016e8       0x44 ./Drivers/STM32G4xx_HAL_Driver/Src/stm32g4xx_hal_cortex.o
 .text.HAL_NVIC_SetPriorityGrouping
                0x0800172c       0x16 ./Drivers/STM32G4xx_HAL_Driver/Src/stm32g4xx_hal_cortex.o
                0x0800172c                HAL_NVIC_SetPriorityGrouping
 .text.HAL_NVIC_SetPriority
                0x08001742       0x34 ./Drivers/STM32G4xx_HAL_Driver/Src/stm32g4xx_hal_cortex.o
                0x08001742                HAL_NVIC_SetPriority
 .text.HAL_SYSTICK_Config
                0x08001776       0x18 ./Drivers/STM32G4xx_HAL_Driver/Src/stm32g4xx_hal_cortex.o
                0x08001776                HAL_SYSTICK_Config
 *fill*         0x0800178e        0x2 
 .text.HAL_GPIO_Init
                0x08001790      0x304 ./Drivers/STM32G4xx_HAL_Driver/Src/stm32g4xx_hal_gpio.o
                0x08001790                HAL_GPIO_Init
 .text.HAL_GPIO_WritePin
                0x08001a94       0x30 ./Drivers/STM32G4xx_HAL_Driver/Src/stm32g4xx_hal_gpio.o
                0x08001a94                HAL_GPIO_WritePin
 .text.HAL_GPIO_EXTI_IRQHandler
                0x08001ac4       0x30 ./Drivers/STM32G4xx_HAL_Driver/Src/stm32g4xx_hal_gpio.o
                0x08001ac4                HAL_GPIO_EXTI_IRQHandler
 .text.HAL_GPIO_EXTI_Callback
                0x08001af4       0x16 ./Drivers/STM32G4xx_HAL_Driver/Src/stm32g4xx_hal_gpio.o
                0x08001af4                HAL_GPIO_EXTI_Callback
 *fill*         0x08001b0a        0x2 
 .text.HAL_PWREx_DisableUCPDDeadBattery
                0x08001b0c       0x20 ./Drivers/STM32G4xx_HAL_Driver/Src/stm32g4xx_hal_pwr_ex.o
                0x08001b0c                HAL_PWREx_DisableUCPDDeadBattery
 .text.LL_GPIO_SetPinMode
                0x08001b2c       0x7a ./Drivers/STM32G4xx_HAL_Driver/Src/stm32g4xx_ll_gpio.o
 .text.LL_GPIO_SetPinOutputType
                0x08001ba6       0x30 ./Drivers/STM32G4xx_HAL_Driver/Src/stm32g4xx_ll_gpio.o
 .text.LL_GPIO_SetPinSpeed
                0x08001bd6       0x7a ./Drivers/STM32G4xx_HAL_Driver/Src/stm32g4xx_ll_gpio.o
 .text.LL_GPIO_SetPinPull
                0x08001c50       0x7a ./Drivers/STM32G4xx_HAL_Driver/Src/stm32g4xx_ll_gpio.o
 .text.LL_GPIO_SetAFPin_0_7
                0x08001cca       0x7a ./Drivers/STM32G4xx_HAL_Driver/Src/stm32g4xx_ll_gpio.o
 .text.LL_GPIO_SetAFPin_8_15
                0x08001d44       0x7e ./Drivers/STM32G4xx_HAL_Driver/Src/stm32g4xx_ll_gpio.o
 .text.LL_GPIO_Init
                0x08001dc2       0xdc ./Drivers/STM32G4xx_HAL_Driver/Src/stm32g4xx_ll_gpio.o
                0x08001dc2                LL_GPIO_Init
 .text.LL_LPUART_IsEnabled
                0x08001e9e       0x26 ./Drivers/STM32G4xx_HAL_Driver/Src/stm32g4xx_ll_lpuart.o
 .text.LL_LPUART_SetPrescaler
                0x08001ec4       0x28 ./Drivers/STM32G4xx_HAL_Driver/Src/stm32g4xx_ll_lpuart.o
 .text.LL_LPUART_SetStopBitsLength
                0x08001eec       0x26 ./Drivers/STM32G4xx_HAL_Driver/Src/stm32g4xx_ll_lpuart.o
 .text.LL_LPUART_SetHWFlowCtrl
                0x08001f12       0x26 ./Drivers/STM32G4xx_HAL_Driver/Src/stm32g4xx_ll_lpuart.o
 .text.LL_LPUART_SetBaudRate
                0x08001f38       0x98 ./Drivers/STM32G4xx_HAL_Driver/Src/stm32g4xx_ll_lpuart.o
 .text.LL_LPUART_Init
                0x08001fd0       0x98 ./Drivers/STM32G4xx_HAL_Driver/Src/stm32g4xx_ll_lpuart.o
                0x08001fd0                LL_LPUART_Init
 .text.LL_RCC_HSI_IsReady
                0x08002068       0x28 ./Drivers/STM32G4xx_HAL_Driver/Src/stm32g4xx_ll_rcc.o
 .text.LL_RCC_LSE_IsReady
                0x08002090       0x28 ./Drivers/STM32G4xx_HAL_Driver/Src/stm32g4xx_ll_rcc.o
 .text.LL_RCC_GetSysClkSource
                0x080020b8       0x1c ./Drivers/STM32G4xx_HAL_Driver/Src/stm32g4xx_ll_rcc.o
 .text.LL_RCC_GetAHBPrescaler
                0x080020d4       0x1c ./Drivers/STM32G4xx_HAL_Driver/Src/stm32g4xx_ll_rcc.o
 .text.LL_RCC_GetAPB1Prescaler
                0x080020f0       0x1c ./Drivers/STM32G4xx_HAL_Driver/Src/stm32g4xx_ll_rcc.o
 .text.LL_RCC_GetLPUARTClockSource
                0x0800210c       0x24 ./Drivers/STM32G4xx_HAL_Driver/Src/stm32g4xx_ll_rcc.o
 .text.LL_RCC_PLL_GetMainSource
                0x08002130       0x1c ./Drivers/STM32G4xx_HAL_Driver/Src/stm32g4xx_ll_rcc.o
 .text.LL_RCC_PLL_GetN
                0x0800214c       0x1c ./Drivers/STM32G4xx_HAL_Driver/Src/stm32g4xx_ll_rcc.o
 .text.LL_RCC_PLL_GetR
                0x08002168       0x1c ./Drivers/STM32G4xx_HAL_Driver/Src/stm32g4xx_ll_rcc.o
 .text.LL_RCC_PLL_GetDivider
                0x08002184       0x1c ./Drivers/STM32G4xx_HAL_Driver/Src/stm32g4xx_ll_rcc.o
 .text.LL_RCC_GetLPUARTClockFreq
                0x080021a0       0x84 ./Drivers/STM32G4xx_HAL_Driver/Src/stm32g4xx_ll_rcc.o
                0x080021a0                LL_RCC_GetLPUARTClockFreq
 .text.RCC_GetSystemClockFreq
                0x08002224       0x4c ./Drivers/STM32G4xx_HAL_Driver/Src/stm32g4xx_ll_rcc.o
 .text.RCC_GetHCLKClockFreq
                0x08002270       0x30 ./Drivers/STM32G4xx_HAL_Driver/Src/stm32g4xx_ll_rcc.o
 .text.RCC_GetPCLK1ClockFreq
                0x080022a0       0x2c ./Drivers/STM32G4xx_HAL_Driver/Src/stm32g4xx_ll_rcc.o
 .text.RCC_PLL_GetFreqDomain_SYS
                0x080022cc       0x68 ./Drivers/STM32G4xx_HAL_Driver/Src/stm32g4xx_ll_rcc.o
 .text.LL_SetSystemCoreClock
                0x08002334       0x20 ./Drivers/STM32G4xx_HAL_Driver/Src/stm32g4xx_ll_utils.o
                0x08002334                LL_SetSystemCoreClock
 .text.QF_int_disable_
                0x08002354       0x24 ./Middlewares/Third_Party/QuantumLeaps_RTEF_qpc/ports/arm-cm/qk/gnu/qk_port.o
                0x08002354                QF_int_disable_
 .text.QF_int_enable_
                0x08002378       0x24 ./Middlewares/Third_Party/QuantumLeaps_RTEF_qpc/ports/arm-cm/qk/gnu/qk_port.o
                0x08002378                QF_int_enable_
 .text.QF_crit_entry_
                0x0800239c       0x24 ./Middlewares/Third_Party/QuantumLeaps_RTEF_qpc/ports/arm-cm/qk/gnu/qk_port.o
                0x0800239c                QF_crit_entry_
 .text.QF_crit_exit_
                0x080023c0       0x24 ./Middlewares/Third_Party/QuantumLeaps_RTEF_qpc/ports/arm-cm/qk/gnu/qk_port.o
                0x080023c0                QF_crit_exit_
 .text.QK_init  0x080023e4       0x74 ./Middlewares/Third_Party/QuantumLeaps_RTEF_qpc/ports/arm-cm/qk/gnu/qk_port.o
                0x080023e4                QK_init
 .text.PendSV_Handler
                0x08002458       0x44 ./Middlewares/Third_Party/QuantumLeaps_RTEF_qpc/ports/arm-cm/qk/gnu/qk_port.o
                0x08002458                PendSV_Handler
 .text.QK_thread_ret
                0x0800249c       0x24 ./Middlewares/Third_Party/QuantumLeaps_RTEF_qpc/ports/arm-cm/qk/gnu/qk_port.o
                0x0800249c                QK_thread_ret
 .text.NMI_Handler
                0x080024c0       0x10 ./Middlewares/Third_Party/QuantumLeaps_RTEF_qpc/ports/arm-cm/qk/gnu/qk_port.o
                0x080024c0                NMI_Handler
 .text.QEvt_verify_
                0x080024d0       0x32 ./Middlewares/Third_Party/QuantumLeaps_RTEF_qpc/src/qf/qep_hsm.o
 *fill*         0x08002502        0x2 
 .text.QHsm_ctor
                0x08002504       0x30 ./Middlewares/Third_Party/QuantumLeaps_RTEF_qpc/src/qf/qep_hsm.o
                0x08002504                QHsm_ctor
 .text.QHsm_init_
                0x08002534      0x2e4 ./Middlewares/Third_Party/QuantumLeaps_RTEF_qpc/src/qf/qep_hsm.o
                0x08002534                QHsm_init_
 .text.QHsm_dispatch_
                0x08002818      0x5b8 ./Middlewares/Third_Party/QuantumLeaps_RTEF_qpc/src/qf/qep_hsm.o
                0x08002818                QHsm_dispatch_
 .text.QHsm_getStateHandler_
                0x08002dd0       0x18 ./Middlewares/Third_Party/QuantumLeaps_RTEF_qpc/src/qf/qep_hsm.o
                0x08002dd0                QHsm_getStateHandler_
 .text.QHsm_isIn_
                0x08002de8       0xa4 ./Middlewares/Third_Party/QuantumLeaps_RTEF_qpc/src/qf/qep_hsm.o
                0x08002de8                QHsm_isIn_
 .text.QHsm_tran_
                0x08002e8c      0x3ac ./Middlewares/Third_Party/QuantumLeaps_RTEF_qpc/src/qf/qep_hsm.o
                0x08002e8c                QHsm_tran_
 .text.QHsm_top
                0x08003238       0x18 ./Middlewares/Third_Party/QuantumLeaps_RTEF_qpc/src/qf/qep_hsm.o
                0x08003238                QHsm_top
 .text.QF_bzero_
                0x08003250       0x3a ./Middlewares/Third_Party/QuantumLeaps_RTEF_qpc/src/qf/qf_act.o
                0x08003250                QF_bzero_
 .text.QEvt_verify_
                0x0800328a       0x32 ./Middlewares/Third_Party/QuantumLeaps_RTEF_qpc/src/qf/qf_actq.o
 .text.QEvt_getPoolNum_
                0x080032bc       0x1c ./Middlewares/Third_Party/QuantumLeaps_RTEF_qpc/src/qf/qf_actq.o
 .text.QPSet_insert
                0x080032d8       0x2a ./Middlewares/Third_Party/QuantumLeaps_RTEF_qpc/src/qf/qf_actq.o
 .text.QPSet_update_
                0x08003302       0x20 ./Middlewares/Third_Party/QuantumLeaps_RTEF_qpc/src/qf/qf_actq.o
 .text.QEvt_refCtr_inc_
                0x08003322       0x22 ./Middlewares/Third_Party/QuantumLeaps_RTEF_qpc/src/qf/qf_actq.o
 .text.QActive_post_
                0x08003344      0x25c ./Middlewares/Third_Party/QuantumLeaps_RTEF_qpc/src/qf/qf_actq.o
                0x08003344                QActive_post_
 .text.QActive_get_
                0x080035a0      0x190 ./Middlewares/Third_Party/QuantumLeaps_RTEF_qpc/src/qf/qf_actq.o
                0x080035a0                QActive_get_
 .text.QEvt_verify_
                0x08003730       0x32 ./Middlewares/Third_Party/QuantumLeaps_RTEF_qpc/src/qf/qf_dyn.o
 .text.QEvt_getPoolNum_
                0x08003762       0x1c ./Middlewares/Third_Party/QuantumLeaps_RTEF_qpc/src/qf/qf_dyn.o
 .text.QEvt_refCtr_dec_
                0x0800377e       0x22 ./Middlewares/Third_Party/QuantumLeaps_RTEF_qpc/src/qf/qf_dyn.o
 .text.QF_poolInit
                0x080037a0       0xb8 ./Middlewares/Third_Party/QuantumLeaps_RTEF_qpc/src/qf/qf_dyn.o
                0x080037a0                QF_poolInit
 .text.QF_poolGetMaxBlockSize
                0x08003858       0x34 ./Middlewares/Third_Party/QuantumLeaps_RTEF_qpc/src/qf/qf_dyn.o
                0x08003858                QF_poolGetMaxBlockSize
 .text.QF_newX_
                0x0800388c      0x198 ./Middlewares/Third_Party/QuantumLeaps_RTEF_qpc/src/qf/qf_dyn.o
                0x0800388c                QF_newX_
 .text.QF_gc    0x08003a24      0x158 ./Middlewares/Third_Party/QuantumLeaps_RTEF_qpc/src/qf/qf_dyn.o
                0x08003a24                QF_gc
 .text.QMPool_init
                0x08003b7c      0x108 ./Middlewares/Third_Party/QuantumLeaps_RTEF_qpc/src/qf/qf_mem.o
                0x08003b7c                QMPool_init
 .text.QMPool_get
                0x08003c84      0x190 ./Middlewares/Third_Party/QuantumLeaps_RTEF_qpc/src/qf/qf_mem.o
                0x08003c84                QMPool_get
 .text.QMPool_put
                0x08003e14       0xcc ./Middlewares/Third_Party/QuantumLeaps_RTEF_qpc/src/qf/qf_mem.o
                0x08003e14                QMPool_put
 .text.QEvt_getPoolNum_
                0x08003ee0       0x1c ./Middlewares/Third_Party/QuantumLeaps_RTEF_qpc/src/qf/qf_ps.o
 .text.QPSet_setEmpty
                0x08003efc       0x1a ./Middlewares/Third_Party/QuantumLeaps_RTEF_qpc/src/qf/qf_ps.o
 .text.QPSet_notEmpty
                0x08003f16       0x22 ./Middlewares/Third_Party/QuantumLeaps_RTEF_qpc/src/qf/qf_ps.o
 .text.QPSet_remove
                0x08003f38       0x2c ./Middlewares/Third_Party/QuantumLeaps_RTEF_qpc/src/qf/qf_ps.o
 .text.QPSet_findMax
                0x08003f64       0x20 ./Middlewares/Third_Party/QuantumLeaps_RTEF_qpc/src/qf/qf_ps.o
 .text.QPSet_update_
                0x08003f84       0x20 ./Middlewares/Third_Party/QuantumLeaps_RTEF_qpc/src/qf/qf_ps.o
 .text.QPSet_verify_
                0x08003fa4       0x2a ./Middlewares/Third_Party/QuantumLeaps_RTEF_qpc/src/qf/qf_ps.o
 .text.QEvt_refCtr_inc_
                0x08003fce       0x22 ./Middlewares/Third_Party/QuantumLeaps_RTEF_qpc/src/qf/qf_ps.o
 .text.QActive_psInit
                0x08003ff0       0x64 ./Middlewares/Third_Party/QuantumLeaps_RTEF_qpc/src/qf/qf_ps.o
                0x08003ff0                QActive_psInit
 .text.QActive_publish_
                0x08004054      0x1f0 ./Middlewares/Third_Party/QuantumLeaps_RTEF_qpc/src/qf/qf_ps.o
                0x08004054                QActive_publish_
 .text.QActive_ctor
                0x08004244       0x2c ./Middlewares/Third_Party/QuantumLeaps_RTEF_qpc/src/qf/qf_qact.o
                0x08004244                QActive_ctor
 .text.QActive_register_
                0x08004270      0x118 ./Middlewares/Third_Party/QuantumLeaps_RTEF_qpc/src/qf/qf_qact.o
                0x08004270                QActive_register_
 .text.QEQueue_init
                0x08004388       0x54 ./Middlewares/Third_Party/QuantumLeaps_RTEF_qpc/src/qf/qf_qeq.o
                0x08004388                QEQueue_init
 .text.QEvt_verify_
                0x080043dc       0x32 ./Middlewares/Third_Party/QuantumLeaps_RTEF_qpc/src/qf/qf_time.o
 *fill*         0x0800440e        0x2 
 .text.QTimeEvt_ctorX
                0x08004410       0x68 ./Middlewares/Third_Party/QuantumLeaps_RTEF_qpc/src/qf/qf_time.o
                0x08004410                QTimeEvt_ctorX
 .text.QTimeEvt_armX
                0x08004478      0x128 ./Middlewares/Third_Party/QuantumLeaps_RTEF_qpc/src/qf/qf_time.o
                0x08004478                QTimeEvt_armX
 .text.QTimeEvt_tick_
                0x080045a0      0x270 ./Middlewares/Third_Party/QuantumLeaps_RTEF_qpc/src/qf/qf_time.o
                0x080045a0                QTimeEvt_tick_
 .text.QPSet_isEmpty
                0x08004810       0x22 ./Middlewares/Third_Party/QuantumLeaps_RTEF_qpc/src/qk/qk.o
 .text.QPSet_remove
                0x08004832       0x2c ./Middlewares/Third_Party/QuantumLeaps_RTEF_qpc/src/qk/qk.o
 .text.QPSet_findMax
                0x0800485e       0x20 ./Middlewares/Third_Party/QuantumLeaps_RTEF_qpc/src/qk/qk.o
 .text.QPSet_update_
                0x0800487e       0x20 ./Middlewares/Third_Party/QuantumLeaps_RTEF_qpc/src/qk/qk.o
 .text.QPSet_verify_
                0x0800489e       0x2a ./Middlewares/Third_Party/QuantumLeaps_RTEF_qpc/src/qk/qk.o
 .text.QK_schedLock
                0x080048c8       0xcc ./Middlewares/Third_Party/QuantumLeaps_RTEF_qpc/src/qk/qk.o
                0x080048c8                QK_schedLock
 .text.QK_schedUnlock
                0x08004994       0xd0 ./Middlewares/Third_Party/QuantumLeaps_RTEF_qpc/src/qk/qk.o
                0x08004994                QK_schedUnlock
 .text.QK_sched_
                0x08004a64       0xc8 ./Middlewares/Third_Party/QuantumLeaps_RTEF_qpc/src/qk/qk.o
                0x08004a64                QK_sched_
 .text.QK_activate_
                0x08004b2c      0x310 ./Middlewares/Third_Party/QuantumLeaps_RTEF_qpc/src/qk/qk.o
                0x08004b2c                QK_activate_
 .text.QF_init  0x08004e3c       0x98 ./Middlewares/Third_Party/QuantumLeaps_RTEF_qpc/src/qk/qk.o
                0x08004e3c                QF_init
 .text.QF_run   0x08004ed4       0x50 ./Middlewares/Third_Party/QuantumLeaps_RTEF_qpc/src/qk/qk.o
                0x08004ed4                QF_run
 .text.QActive_start_
                0x08004f24       0x94 ./Middlewares/Third_Party/QuantumLeaps_RTEF_qpc/src/qk/qk.o
                0x08004f24                QActive_start_
 .text.QS_initBuf
                0x08004fb8       0x6c ./Middlewares/Third_Party/QuantumLeaps_RTEF_qpc/src/qs/qs.o
                0x08004fb8                QS_initBuf
 .text.QS_getByte
                0x08005024       0x68 ./Middlewares/Third_Party/QuantumLeaps_RTEF_qpc/src/qs/qs.o
                0x08005024                QS_getByte
 .text.QS_glbFilter_
                0x0800508c      0x574 ./Middlewares/Third_Party/QuantumLeaps_RTEF_qpc/src/qs/qs.o
                0x0800508c                QS_glbFilter_
 .text.QS_locFilter_
                0x08005600      0x1c8 ./Middlewares/Third_Party/QuantumLeaps_RTEF_qpc/src/qs/qs.o
                0x08005600                QS_locFilter_
 .text.QS_beginRec_
                0x080057c8      0x100 ./Middlewares/Third_Party/QuantumLeaps_RTEF_qpc/src/qs/qs.o
                0x080057c8                QS_beginRec_
 .text.QS_endRec_
                0x080058c8       0xf4 ./Middlewares/Third_Party/QuantumLeaps_RTEF_qpc/src/qs/qs.o
                0x080058c8                QS_endRec_
 .text.QS_u8_raw_
                0x080059bc       0xcc ./Middlewares/Third_Party/QuantumLeaps_RTEF_qpc/src/qs/qs.o
                0x080059bc                QS_u8_raw_
 .text.QS_2u8_raw_
                0x08005a88      0x150 ./Middlewares/Third_Party/QuantumLeaps_RTEF_qpc/src/qs/qs.o
                0x08005a88                QS_2u8_raw_
 .text.QS_u16_raw_
                0x08005bd8      0x168 ./Middlewares/Third_Party/QuantumLeaps_RTEF_qpc/src/qs/qs.o
                0x08005bd8                QS_u16_raw_
 .text.QS_u32_raw_
                0x08005d40       0xf0 ./Middlewares/Third_Party/QuantumLeaps_RTEF_qpc/src/qs/qs.o
                0x08005d40                QS_u32_raw_
 .text.QS_obj_raw_
                0x08005e30       0x18 ./Middlewares/Third_Party/QuantumLeaps_RTEF_qpc/src/qs/qs.o
                0x08005e30                QS_obj_raw_
 .text.QS_str_raw_
                0x08005e48       0xac ./Middlewares/Third_Party/QuantumLeaps_RTEF_qpc/src/qs/qs.o
                0x08005e48                QS_str_raw_
 .text.QS_str_fmt_
                0x08005ef4       0xd0 ./Middlewares/Third_Party/QuantumLeaps_RTEF_qpc/src/qs/qs.o
                0x08005ef4                QS_str_fmt_
 .text.QS_sig_dict_pre_
                0x08005fc4       0x50 ./Middlewares/Third_Party/QuantumLeaps_RTEF_qpc/src/qs/qs.o
                0x08005fc4                QS_sig_dict_pre_
 .text.QS_obj_dict_pre_
                0x08006014       0x44 ./Middlewares/Third_Party/QuantumLeaps_RTEF_qpc/src/qs/qs.o
                0x08006014                QS_obj_dict_pre_
 .text.QS_obj_arr_dict_pre_
                0x08006058      0x19c ./Middlewares/Third_Party/QuantumLeaps_RTEF_qpc/src/qs/qs.o
                0x08006058                QS_obj_arr_dict_pre_
 .text.QS_fun_dict_pre_
                0x080061f4       0x46 ./Middlewares/Third_Party/QuantumLeaps_RTEF_qpc/src/qs/qs.o
                0x080061f4                QS_fun_dict_pre_
 .text.QS_usr_dict_pre_
                0x0800623a       0x38 ./Middlewares/Third_Party/QuantumLeaps_RTEF_qpc/src/qs/qs.o
                0x0800623a                QS_usr_dict_pre_
 *fill*         0x08006272        0x2 
 .text.QS_assertion_pre_
                0x08006274       0x64 ./Middlewares/Third_Party/QuantumLeaps_RTEF_qpc/src/qs/qs.o
                0x08006274                QS_assertion_pre_
 .text.QS_target_info_pre_
                0x080062d8      0x2ec ./Middlewares/Third_Party/QuantumLeaps_RTEF_qpc/src/qs/qs.o
                0x080062d8                QS_target_info_pre_
 .text.QS_rxInitBuf
                0x080065c4       0x90 ./Middlewares/Third_Party/QuantumLeaps_RTEF_qpc/src/qs/qs_rx.o
                0x080065c4                QS_rxInitBuf
 .text.QS_rxParse
                0x08006654      0x100 ./Middlewares/Third_Party/QuantumLeaps_RTEF_qpc/src/qs/qs_rx.o
                0x08006654                QS_rxParse
 .text.QS_rxParseData_
                0x08006754      0x7e4 ./Middlewares/Third_Party/QuantumLeaps_RTEF_qpc/src/qs/qs_rx.o
 .text.QS_rxHandleGoodFrame_
                0x08006f38      0x530 ./Middlewares/Third_Party/QuantumLeaps_RTEF_qpc/src/qs/qs_rx.o
 .text.QS_rxHandleBadFrame_
                0x08007468       0x50 ./Middlewares/Third_Party/QuantumLeaps_RTEF_qpc/src/qs/qs_rx.o
 .text.QS_rxReportAck_
                0x080074b8       0x2c ./Middlewares/Third_Party/QuantumLeaps_RTEF_qpc/src/qs/qs_rx.o
 .text.QS_rxReportError_
                0x080074e4       0x32 ./Middlewares/Third_Party/QuantumLeaps_RTEF_qpc/src/qs/qs_rx.o
 .text.QS_rxReportDone_
                0x08007516       0x38 ./Middlewares/Third_Party/QuantumLeaps_RTEF_qpc/src/qs/qs_rx.o
 *fill*         0x0800754e        0x2 
 .text.QS_queryCurrObj
                0x08007550      0x15c ./Middlewares/Third_Party/QuantumLeaps_RTEF_qpc/src/qs/qs_rx.o
 .text.QS_rxPoke_
                0x080076ac       0x8c ./Middlewares/Third_Party/QuantumLeaps_RTEF_qpc/src/qs/qs_rx.o
 .text.__libc_init_array
                0x08007738       0x48 /opt/st/stm32cubeide_1.16.0/plugins/com.st.stm32cube.ide.mcu.externaltools.gnu-tools-for-stm32.12.3.rel1.linux64_1.0.200.202406132123/tools/bin/../lib/gcc/arm-none-eabi/12.3.1/../../../../arm-none-eabi/lib/thumb/v7e-m+fp/hard/libc_nano.a(libc_a-init.o)
                0x08007738                __libc_init_array
 *(.glue_7)
 .glue_7        0x08007780        0x0 linker stubs
 *(.glue_7t)
 .glue_7t       0x08007780        0x0 linker stubs
 *(.eh_frame)
 .eh_frame      0x08007780        0x0 /opt/st/stm32cubeide_1.16.0/plugins/com.st.stm32cube.ide.mcu.externaltools.gnu-tools-for-stm32.12.3.rel1.linux64_1.0.200.202406132123/tools/bin/../lib/gcc/arm-none-eabi/12.3.1/thumb/v7e-m+fp/hard/crtbegin.o
 *(.init)
 .init          0x08007780        0x4 /opt/st/stm32cubeide_1.16.0/plugins/com.st.stm32cube.ide.mcu.externaltools.gnu-tools-for-stm32.12.3.rel1.linux64_1.0.200.202406132123/tools/bin/../lib/gcc/arm-none-eabi/12.3.1/thumb/v7e-m+fp/hard/crti.o
                0x08007780                _init
 .init          0x08007784        0x8 /opt/st/stm32cubeide_1.16.0/plugins/com.st.stm32cube.ide.mcu.externaltools.gnu-tools-for-stm32.12.3.rel1.linux64_1.0.200.202406132123/tools/bin/../lib/gcc/arm-none-eabi/12.3.1/thumb/v7e-m+fp/hard/crtn.o
 *(.fini)
 .fini          0x0800778c        0x4 /opt/st/stm32cubeide_1.16.0/plugins/com.st.stm32cube.ide.mcu.externaltools.gnu-tools-for-stm32.12.3.rel1.linux64_1.0.200.202406132123/tools/bin/../lib/gcc/arm-none-eabi/12.3.1/thumb/v7e-m+fp/hard/crti.o
                0x0800778c                _fini
 .fini          0x08007790        0x8 /opt/st/stm32cubeide_1.16.0/plugins/com.st.stm32cube.ide.mcu.externaltools.gnu-tools-for-stm32.12.3.rel1.linux64_1.0.200.202406132123/tools/bin/../lib/gcc/arm-none-eabi/12.3.1/thumb/v7e-m+fp/hard/crtn.o
                0x08007798                        . = ALIGN (0x4)
                0x08007798                        _etext = .

.vfp11_veneer   0x08007798        0x0
 .vfp11_veneer  0x08007798        0x0 linker stubs

.v4_bx          0x08007798        0x0
 .v4_bx         0x08007798        0x0 linker stubs

.iplt           0x08007798        0x0
 .iplt          0x08007798        0x0 /opt/st/stm32cubeide_1.16.0/plugins/com.st.stm32cube.ide.mcu.externaltools.gnu-tools-for-stm32.12.3.rel1.linux64_1.0.200.202406132123/tools/bin/../lib/gcc/arm-none-eabi/12.3.1/thumb/v7e-m+fp/hard/crtbegin.o

.rodata         0x08007798      0x1e4
                0x08007798                        . = ALIGN (0x4)
 *(.rodata)
 .rodata        0x08007798       0x7a ./Core/MySrc/blinky.o
 *fill*         0x08007812        0x2 
 .rodata        0x08007814       0x53 ./Core/MySrc/bsp.o
 *fill*         0x08007867        0x1 
 .rodata        0x08007868        0xa ./Middlewares/Third_Party/QuantumLeaps_RTEF_qpc/src/qf/qep_hsm.o
 *fill*         0x08007872        0x2 
 .rodata        0x08007874        0x9 ./Middlewares/Third_Party/QuantumLeaps_RTEF_qpc/src/qf/qf_dyn.o
 *fill*         0x0800787d        0x3 
 .rodata        0x08007880        0x2 ./Middlewares/Third_Party/QuantumLeaps_RTEF_qpc/src/qs/qs.o
 *fill*         0x08007882        0x2 
 .rodata        0x08007884        0x6 ./Middlewares/Third_Party/QuantumLeaps_RTEF_qpc/src/qs/qs_rx.o
 *(.rodata*)
 *fill*         0x0800788a        0x2 
 .rodata.AO_Blinky
                0x0800788c        0x4 ./Core/MySrc/blinky.o
                0x0800788c                AO_Blinky
 .rodata.l_SysTick_Handler
                0x08007890        0x1 ./Core/MySrc/bsp.o
 *fill*         0x08007891        0x3 
 .rodata.Q_this_module_
                0x08007894       0x14 ./Core/MySrc/bsp.o
 .rodata.AHBPrescTable
                0x080078a8       0x10 ./Core/Src/system_stm32g4xx.o
                0x080078a8                AHBPrescTable
 .rodata.APBPrescTable
                0x080078b8        0x8 ./Core/Src/system_stm32g4xx.o
                0x080078b8                APBPrescTable
 .rodata.LPUART_PRESCALER_TAB
                0x080078c0       0x18 ./Drivers/STM32G4xx_HAL_Driver/Src/stm32g4xx_ll_lpuart.o
 .rodata.QF_port_module_
                0x080078d8        0x8 ./Middlewares/Third_Party/QuantumLeaps_RTEF_qpc/ports/arm-cm/qk/gnu/qk_port.o
                0x080078d8                QF_port_module_
 .rodata.Q_this_module_
                0x080078e0        0x8 ./Middlewares/Third_Party/QuantumLeaps_RTEF_qpc/src/qf/qep_hsm.o
 .rodata.QEvt_reserved_
                0x080078e8       0x10 ./Middlewares/Third_Party/QuantumLeaps_RTEF_qpc/src/qf/qep_hsm.o
                0x080078e8                QEvt_reserved_
 .rodata.vtable.0
                0x080078f8       0x10 ./Middlewares/Third_Party/QuantumLeaps_RTEF_qpc/src/qf/qep_hsm.o
 .rodata.Q_this_module_
                0x08007908        0x8 ./Middlewares/Third_Party/QuantumLeaps_RTEF_qpc/src/qf/qf_actq.o
 .rodata.Q_this_module_
                0x08007910        0x7 ./Middlewares/Third_Party/QuantumLeaps_RTEF_qpc/src/qf/qf_dyn.o
 *fill*         0x08007917        0x1 
 .rodata.Q_this_module_
                0x08007918        0x7 ./Middlewares/Third_Party/QuantumLeaps_RTEF_qpc/src/qf/qf_mem.o
 *fill*         0x0800791f        0x1 
 .rodata.Q_this_module_
                0x08007920        0x6 ./Middlewares/Third_Party/QuantumLeaps_RTEF_qpc/src/qf/qf_ps.o
 *fill*         0x08007926        0x2 
 .rodata.Q_this_module_
                0x08007928        0x8 ./Middlewares/Third_Party/QuantumLeaps_RTEF_qpc/src/qf/qf_qact.o
 .rodata.vtable.0
                0x08007930       0x10 ./Middlewares/Third_Party/QuantumLeaps_RTEF_qpc/src/qf/qf_qact.o
 .rodata.Q_this_module_
                0x08007940        0x8 ./Middlewares/Third_Party/QuantumLeaps_RTEF_qpc/src/qf/qf_time.o
 .rodata.Q_this_module_
                0x08007948        0x3 ./Middlewares/Third_Party/QuantumLeaps_RTEF_qpc/src/qk/qk.o
 *fill*         0x0800794b        0x1 
 .rodata.Q_this_module_
                0x0800794c        0x3 ./Middlewares/Third_Party/QuantumLeaps_RTEF_qpc/src/qs/qs.o
 *fill*         0x0800794f        0x1 
 .rodata.TIME.2
                0x08007950        0x4 ./Middlewares/Third_Party/QuantumLeaps_RTEF_qpc/src/qs/qs.o
 .rodata.ZERO.1
                0x08007954        0x1 ./Middlewares/Third_Party/QuantumLeaps_RTEF_qpc/src/qs/qs.o
 *fill*         0x08007955        0x3 
 .rodata.DATE.0
                0x08007958        0x4 ./Middlewares/Third_Party/QuantumLeaps_RTEF_qpc/src/qs/qs.o
 .rodata.Q_this_module_
                0x0800795c        0x6 ./Middlewares/Third_Party/QuantumLeaps_RTEF_qpc/src/qs/qs_rx.o
 *fill*         0x08007962        0x2 
 .rodata.Q_BUILD_DATE
                0x08007964        0xc ./Middlewares/Third_Party/QuantumLeaps_RTEF_qpc/src/qs/qstamp.o
                0x08007964                Q_BUILD_DATE
 .rodata.Q_BUILD_TIME
                0x08007970        0x9 ./Middlewares/Third_Party/QuantumLeaps_RTEF_qpc/src/qs/qstamp.o
                0x08007970                Q_BUILD_TIME
                0x0800797c                        . = ALIGN (0x4)
 *fill*         0x08007979        0x3 

.ARM.extab      0x0800797c        0x0
                0x0800797c                        . = ALIGN (0x4)
 *(.ARM.extab* .gnu.linkonce.armextab.*)
                0x0800797c                        . = ALIGN (0x4)

.ARM            0x0800797c        0x8
                0x0800797c                        . = ALIGN (0x4)
                0x0800797c                        __exidx_start = .
 *(.ARM.exidx*)
 .ARM.exidx     0x0800797c        0x8 /opt/st/stm32cubeide_1.16.0/plugins/com.st.stm32cube.ide.mcu.externaltools.gnu-tools-for-stm32.12.3.rel1.linux64_1.0.200.202406132123/tools/bin/../lib/gcc/arm-none-eabi/12.3.1/thumb/v7e-m+fp/hard/libgcc.a(_udivmoddi4.o)
                0x08007984                        __exidx_end = .
                0x08007984                        . = ALIGN (0x4)

.preinit_array  0x08007984        0x0
                0x08007984                        . = ALIGN (0x4)
                0x08007984                        PROVIDE (__preinit_array_start = .)
 *(.preinit_array*)
                0x08007984                        PROVIDE (__preinit_array_end = .)
                0x08007984                        . = ALIGN (0x4)

.init_array     0x08007984        0x4
                0x08007984                        . = ALIGN (0x4)
                0x08007984                        PROVIDE (__init_array_start = .)
 *(SORT_BY_NAME(.init_array.*))
 *(.init_array*)
 .init_array    0x08007984        0x4 /opt/st/stm32cubeide_1.16.0/plugins/com.st.stm32cube.ide.mcu.externaltools.gnu-tools-for-stm32.12.3.rel1.linux64_1.0.200.202406132123/tools/bin/../lib/gcc/arm-none-eabi/12.3.1/thumb/v7e-m+fp/hard/crtbegin.o
                0x08007988                        PROVIDE (__init_array_end = .)
                0x08007988                        . = ALIGN (0x4)

.fini_array     0x08007988        0x4
                0x08007988                        . = ALIGN (0x4)
                [!provide]                        PROVIDE (__fini_array_start = .)
 *(SORT_BY_NAME(.fini_array.*))
 *(.fini_array*)
 .fini_array    0x08007988        0x4 /opt/st/stm32cubeide_1.16.0/plugins/com.st.stm32cube.ide.mcu.externaltools.gnu-tools-for-stm32.12.3.rel1.linux64_1.0.200.202406132123/tools/bin/../lib/gcc/arm-none-eabi/12.3.1/thumb/v7e-m+fp/hard/crtbegin.o
                [!provide]                        PROVIDE (__fini_array_end = .)
                0x0800798c                        . = ALIGN (0x4)
                0x0800798c                        _sidata = LOADADDR (.data)

.rel.dyn        0x0800798c        0x0
 .rel.iplt      0x0800798c        0x0 /opt/st/stm32cubeide_1.16.0/plugins/com.st.stm32cube.ide.mcu.externaltools.gnu-tools-for-stm32.12.3.rel1.linux64_1.0.200.202406132123/tools/bin/../lib/gcc/arm-none-eabi/12.3.1/thumb/v7e-m+fp/hard/crtbegin.o

.data           0x20000000        0xc load address 0x0800798c
                0x20000000                        . = ALIGN (0x4)
                0x20000000                        _sdata = .
 *(.data)
 *(.data*)
 .data.SystemCoreClock
                0x20000000        0x4 ./Core/Src/system_stm32g4xx.o
                0x20000000                SystemCoreClock
 .data.uwTickPrio
                0x20000004        0x4 ./Drivers/STM32G4xx_HAL_Driver/Src/stm32g4xx_hal.o
                0x20000004                uwTickPrio
 .data.uwTickFreq
                0x20000008        0x4 ./Drivers/STM32G4xx_HAL_Driver/Src/stm32g4xx_hal.o
                0x20000008                uwTickFreq
 *(.RamFunc)
 *(.RamFunc*)
                0x2000000c                        . = ALIGN (0x4)
                0x2000000c                        _edata = .

.igot.plt       0x2000000c        0x0 load address 0x08007998
 .igot.plt      0x2000000c        0x0 /opt/st/stm32cubeide_1.16.0/plugins/com.st.stm32cube.ide.mcu.externaltools.gnu-tools-for-stm32.12.3.rel1.linux64_1.0.200.202406132123/tools/bin/../lib/gcc/arm-none-eabi/12.3.1/thumb/v7e-m+fp/hard/crtbegin.o
                0x2000000c                        . = ALIGN (0x4)

.bss            0x2000000c      0xaf4 load address 0x08007998
                0x2000000c                        _sbss = .
                0x2000000c                        __bss_start__ = _sbss
 *(.bss)
 .bss           0x2000000c       0x1c /opt/st/stm32cubeide_1.16.0/plugins/com.st.stm32cube.ide.mcu.externaltools.gnu-tools-for-stm32.12.3.rel1.linux64_1.0.200.202406132123/tools/bin/../lib/gcc/arm-none-eabi/12.3.1/thumb/v7e-m+fp/hard/crtbegin.o
 *(.bss*)
 .bss.QS_tickTime_
                0x20000028        0x4 ./Core/MySrc/QSpy.o
 .bss.QS_tickPeriod_
                0x2000002c        0x4 ./Core/MySrc/QSpy.o
 .bss.qsTxBuf.1
                0x20000030      0x800 ./Core/MySrc/QSpy.o
 .bss.qsRxBuf.0
                0x20000830       0x64 ./Core/MySrc/QSpy.o
 .bss.Blinky_inst
                0x20000894       0x3c ./Core/MySrc/blinky.o
                0x20000894                Blinky_inst
 .bss.QS_tickTime_
                0x200008d0        0x4 ./Core/MySrc/bsp.o
 .bss.QS_tickPeriod_
                0x200008d4        0x4 ./Core/MySrc/bsp.o
 .bss.smlPoolSto.2
                0x200008d8       0x50 ./Core/MySrc/bsp.o
 .bss.subscrSto.1
                0x20000928       0x28 ./Core/MySrc/bsp.o
 .bss.blinkyQueueSto.0
                0x20000950       0x28 ./Core/MySrc/bsp.o
 .bss.QActive_registry_
                0x20000978       0x84 ./Middlewares/Third_Party/QuantumLeaps_RTEF_qpc/src/qf/qf_act.o
                0x20000978                QActive_registry_
 .bss.QF_priv_  0x200009fc       0x40 ./Middlewares/Third_Party/QuantumLeaps_RTEF_qpc/src/qf/qf_act.o
                0x200009fc                QF_priv_
 .bss.QActive_subscrList_
                0x20000a3c        0x4 ./Middlewares/Third_Party/QuantumLeaps_RTEF_qpc/src/qf/qf_ps.o
                0x20000a3c                QActive_subscrList_
 .bss.QActive_maxPubSignal_
                0x20000a40        0x4 ./Middlewares/Third_Party/QuantumLeaps_RTEF_qpc/src/qf/qf_ps.o
                0x20000a40                QActive_maxPubSignal_
 .bss.QTimeEvt_timeEvtHead_
                0x20000a44       0x14 ./Middlewares/Third_Party/QuantumLeaps_RTEF_qpc/src/qf/qf_time.o
                0x20000a44                QTimeEvt_timeEvtHead_
 .bss.QK_priv_  0x20000a58       0x2c ./Middlewares/Third_Party/QuantumLeaps_RTEF_qpc/src/qk/qk.o
                0x20000a58                QK_priv_
 .bss.QS_filt_  0x20000a84       0x20 ./Middlewares/Third_Party/QuantumLeaps_RTEF_qpc/src/qs/qs.o
                0x20000a84                QS_filt_
 .bss.QS_priv_  0x20000aa4       0x14 ./Middlewares/Third_Party/QuantumLeaps_RTEF_qpc/src/qs/qs.o
                0x20000aa4                QS_priv_
 .bss.endian_test.3
                0x20000ab8        0x2 ./Middlewares/Third_Party/QuantumLeaps_RTEF_qpc/src/qs/qs.o
 *fill*         0x20000aba        0x2 
 .bss.QS_rxPriv_
                0x20000abc       0x44 ./Middlewares/Third_Party/QuantumLeaps_RTEF_qpc/src/qs/qs_rx.o
                0x20000abc                QS_rxPriv_
 *(COMMON)
                0x20000b00                        . = ALIGN (0x4)
                0x20000b00                        _ebss = .
                0x20000b00                        __bss_end__ = _ebss

._user_heap_stack
                0x20000b00      0x600 load address 0x08007998
                0x20000b00                        . = ALIGN (0x8)
                [!provide]                        PROVIDE (end = .)
                0x20000b00                        PROVIDE (_end = .)
                0x20000d00                        . = (. + _Min_Heap_Size)
 *fill*         0x20000b00      0x200 
                0x20001100                        . = (. + _Min_Stack_Size)
 *fill*         0x20000d00      0x400 
                0x20001100                        . = ALIGN (0x8)

/DISCARD/
 libc.a(*)
 libm.a(*)
 libgcc.a(*)

.ARM.attributes
                0x00000000       0x30
 *(.ARM.attributes)
 .ARM.attributes
                0x00000000       0x22 /opt/st/stm32cubeide_1.16.0/plugins/com.st.stm32cube.ide.mcu.externaltools.gnu-tools-for-stm32.12.3.rel1.linux64_1.0.200.202406132123/tools/bin/../lib/gcc/arm-none-eabi/12.3.1/thumb/v7e-m+fp/hard/crti.o
 .ARM.attributes
                0x00000022       0x34 /opt/st/stm32cubeide_1.16.0/plugins/com.st.stm32cube.ide.mcu.externaltools.gnu-tools-for-stm32.12.3.rel1.linux64_1.0.200.202406132123/tools/bin/../lib/gcc/arm-none-eabi/12.3.1/thumb/v7e-m+fp/hard/crtbegin.o
 .ARM.attributes
                0x00000056       0x34 ./Core/MySrc/QSpy.o
 .ARM.attributes
                0x0000008a       0x34 ./Core/MySrc/blinky.o
 .ARM.attributes
                0x000000be       0x34 ./Core/MySrc/bsp.o
 .ARM.attributes
                0x000000f2       0x34 ./Core/Src/main.o
 .ARM.attributes
                0x00000126       0x34 ./Core/Src/stm32g4xx_hal_msp.o
 .ARM.attributes
                0x0000015a       0x34 ./Core/Src/stm32g4xx_it.o
 .ARM.attributes
                0x0000018e       0x34 ./Core/Src/system_stm32g4xx.o
 .ARM.attributes
                0x000001c2       0x21 ./Core/Startup/startup_stm32g431rbtx.o
 .ARM.attributes
                0x000001e3       0x34 ./Drivers/STM32G4xx_HAL_Driver/Src/stm32g4xx_hal.o
 .ARM.attributes
                0x00000217       0x34 ./Drivers/STM32G4xx_HAL_Driver/Src/stm32g4xx_hal_cortex.o
 .ARM.attributes
                0x0000024b       0x34 ./Drivers/STM32G4xx_HAL_Driver/Src/stm32g4xx_hal_gpio.o
 .ARM.attributes
                0x0000027f       0x34 ./Drivers/STM32G4xx_HAL_Driver/Src/stm32g4xx_hal_pwr_ex.o
 .ARM.attributes
                0x000002b3       0x34 ./Drivers/STM32G4xx_HAL_Driver/Src/stm32g4xx_ll_gpio.o
 .ARM.attributes
                0x000002e7       0x34 ./Drivers/STM32G4xx_HAL_Driver/Src/stm32g4xx_ll_lpuart.o
 .ARM.attributes
                0x0000031b       0x34 ./Drivers/STM32G4xx_HAL_Driver/Src/stm32g4xx_ll_rcc.o
 .ARM.attributes
                0x0000034f       0x34 ./Drivers/STM32G4xx_HAL_Driver/Src/stm32g4xx_ll_utils.o
 .ARM.attributes
                0x00000383       0x34 ./Middlewares/Third_Party/QuantumLeaps_RTEF_qpc/ports/arm-cm/qk/gnu/qk_port.o
 .ARM.attributes
                0x000003b7       0x34 ./Middlewares/Third_Party/QuantumLeaps_RTEF_qpc/src/qf/qep_hsm.o
 .ARM.attributes
                0x000003eb       0x34 ./Middlewares/Third_Party/QuantumLeaps_RTEF_qpc/src/qf/qf_act.o
 .ARM.attributes
                0x0000041f       0x34 ./Middlewares/Third_Party/QuantumLeaps_RTEF_qpc/src/qf/qf_actq.o
 .ARM.attributes
                0x00000453       0x34 ./Middlewares/Third_Party/QuantumLeaps_RTEF_qpc/src/qf/qf_dyn.o
 .ARM.attributes
                0x00000487       0x34 ./Middlewares/Third_Party/QuantumLeaps_RTEF_qpc/src/qf/qf_mem.o
 .ARM.attributes
                0x000004bb       0x34 ./Middlewares/Third_Party/QuantumLeaps_RTEF_qpc/src/qf/qf_ps.o
 .ARM.attributes
                0x000004ef       0x34 ./Middlewares/Third_Party/QuantumLeaps_RTEF_qpc/src/qf/qf_qact.o
 .ARM.attributes
                0x00000523       0x34 ./Middlewares/Third_Party/QuantumLeaps_RTEF_qpc/src/qf/qf_qeq.o
 .ARM.attributes
                0x00000557       0x34 ./Middlewares/Third_Party/QuantumLeaps_RTEF_qpc/src/qf/qf_time.o
 .ARM.attributes
                0x0000058b       0x34 ./Middlewares/Third_Party/QuantumLeaps_RTEF_qpc/src/qk/qk.o
 .ARM.attributes
                0x000005bf       0x34 ./Middlewares/Third_Party/QuantumLeaps_RTEF_qpc/src/qs/qs.o
 .ARM.attributes
                0x000005f3       0x34 ./Middlewares/Third_Party/QuantumLeaps_RTEF_qpc/src/qs/qs_rx.o
 .ARM.attributes
                0x00000627       0x34 ./Middlewares/Third_Party/QuantumLeaps_RTEF_qpc/src/qs/qstamp.o
 .ARM.attributes
                0x0000065b       0x34 /opt/st/stm32cubeide_1.16.0/plugins/com.st.stm32cube.ide.mcu.externaltools.gnu-tools-for-stm32.12.3.rel1.linux64_1.0.200.202406132123/tools/bin/../lib/gcc/arm-none-eabi/12.3.1/../../../../arm-none-eabi/lib/thumb/v7e-m+fp/hard/libc_nano.a(libc_a-init.o)
 .ARM.attributes
                0x0000068f       0x22 /opt/st/stm32cubeide_1.16.0/plugins/com.st.stm32cube.ide.mcu.externaltools.gnu-tools-for-stm32.12.3.rel1.linux64_1.0.200.202406132123/tools/bin/../lib/gcc/arm-none-eabi/12.3.1/thumb/v7e-m+fp/hard/libgcc.a(_aeabi_uldivmod.o)
 .ARM.attributes
                0x000006b1       0x34 /opt/st/stm32cubeide_1.16.0/plugins/com.st.stm32cube.ide.mcu.externaltools.gnu-tools-for-stm32.12.3.rel1.linux64_1.0.200.202406132123/tools/bin/../lib/gcc/arm-none-eabi/12.3.1/thumb/v7e-m+fp/hard/libgcc.a(_udivmoddi4.o)
 .ARM.attributes
                0x000006e5       0x22 /opt/st/stm32cubeide_1.16.0/plugins/com.st.stm32cube.ide.mcu.externaltools.gnu-tools-for-stm32.12.3.rel1.linux64_1.0.200.202406132123/tools/bin/../lib/gcc/arm-none-eabi/12.3.1/thumb/v7e-m+fp/hard/libgcc.a(_dvmd_tls.o)
 .ARM.attributes
                0x00000707       0x22 /opt/st/stm32cubeide_1.16.0/plugins/com.st.stm32cube.ide.mcu.externaltools.gnu-tools-for-stm32.12.3.rel1.linux64_1.0.200.202406132123/tools/bin/../lib/gcc/arm-none-eabi/12.3.1/thumb/v7e-m+fp/hard/crtn.o
OUTPUT(QuantumLeaps.elf elf32-littlearm)
LOAD linker stubs
LOAD /opt/st/stm32cubeide_1.16.0/plugins/com.st.stm32cube.ide.mcu.externaltools.gnu-tools-for-stm32.12.3.rel1.linux64_1.0.200.202406132123/tools/bin/../lib/gcc/arm-none-eabi/12.3.1/../../../../arm-none-eabi/lib/thumb/v7e-m+fp/hard/libc.a
LOAD /opt/st/stm32cubeide_1.16.0/plugins/com.st.stm32cube.ide.mcu.externaltools.gnu-tools-for-stm32.12.3.rel1.linux64_1.0.200.202406132123/tools/bin/../lib/gcc/arm-none-eabi/12.3.1/../../../../arm-none-eabi/lib/thumb/v7e-m+fp/hard/libm.a
LOAD /opt/st/stm32cubeide_1.16.0/plugins/com.st.stm32cube.ide.mcu.externaltools.gnu-tools-for-stm32.12.3.rel1.linux64_1.0.200.202406132123/tools/bin/../lib/gcc/arm-none-eabi/12.3.1/thumb/v7e-m+fp/hard/libgcc.a

.debug_info     0x00000000    0x13245
 .debug_info    0x00000000      0xaa9 ./Core/MySrc/QSpy.o
 .debug_info    0x00000aa9      0xae2 ./Core/MySrc/blinky.o
 .debug_info    0x0000158b     0x166e ./Core/MySrc/bsp.o
 .debug_info    0x00002bf9     0x1609 ./Core/Src/main.o
 .debug_info    0x00004202      0x366 ./Core/Src/stm32g4xx_hal_msp.o
 .debug_info    0x00004568      0x195 ./Core/Src/stm32g4xx_it.o
 .debug_info    0x000046fd      0x58e ./Core/Src/system_stm32g4xx.o
 .debug_info    0x00004c8b       0x30 ./Core/Startup/startup_stm32g431rbtx.o
 .debug_info    0x00004cbb      0xadb ./Drivers/STM32G4xx_HAL_Driver/Src/stm32g4xx_hal.o
 .debug_info    0x00005796      0xd3f ./Drivers/STM32G4xx_HAL_Driver/Src/stm32g4xx_hal_cortex.o
 .debug_info    0x000064d5      0x763 ./Drivers/STM32G4xx_HAL_Driver/Src/stm32g4xx_hal_gpio.o
 .debug_info    0x00006c38      0x93f ./Drivers/STM32G4xx_HAL_Driver/Src/stm32g4xx_hal_pwr_ex.o
 .debug_info    0x00007577      0x95b ./Drivers/STM32G4xx_HAL_Driver/Src/stm32g4xx_ll_gpio.o
 .debug_info    0x00007ed2      0x668 ./Drivers/STM32G4xx_HAL_Driver/Src/stm32g4xx_ll_lpuart.o
 .debug_info    0x0000853a      0xb0b ./Drivers/STM32G4xx_HAL_Driver/Src/stm32g4xx_ll_rcc.o
 .debug_info    0x00009045      0xbbc ./Drivers/STM32G4xx_HAL_Driver/Src/stm32g4xx_ll_utils.o
 .debug_info    0x00009c01      0x199 ./Middlewares/Third_Party/QuantumLeaps_RTEF_qpc/ports/arm-cm/qk/gnu/qk_port.o
 .debug_info    0x00009d9a      0xd3c ./Middlewares/Third_Party/QuantumLeaps_RTEF_qpc/src/qf/qep_hsm.o
 .debug_info    0x0000aad6      0x787 ./Middlewares/Third_Party/QuantumLeaps_RTEF_qpc/src/qf/qf_act.o
 .debug_info    0x0000b25d      0xef2 ./Middlewares/Third_Party/QuantumLeaps_RTEF_qpc/src/qf/qf_actq.o
 .debug_info    0x0000c14f      0x94a ./Middlewares/Third_Party/QuantumLeaps_RTEF_qpc/src/qf/qf_dyn.o
 .debug_info    0x0000ca99      0x6ce ./Middlewares/Third_Party/QuantumLeaps_RTEF_qpc/src/qf/qf_mem.o
 .debug_info    0x0000d167      0xea2 ./Middlewares/Third_Party/QuantumLeaps_RTEF_qpc/src/qf/qf_ps.o
 .debug_info    0x0000e009      0x7da ./Middlewares/Third_Party/QuantumLeaps_RTEF_qpc/src/qf/qf_qact.o
 .debug_info    0x0000e7e3      0x79a ./Middlewares/Third_Party/QuantumLeaps_RTEF_qpc/src/qf/qf_qeq.o
 .debug_info    0x0000ef7d      0xd18 ./Middlewares/Third_Party/QuantumLeaps_RTEF_qpc/src/qf/qf_time.o
 .debug_info    0x0000fc95     0x107d ./Middlewares/Third_Party/QuantumLeaps_RTEF_qpc/src/qk/qk.o
 .debug_info    0x00010d12     0x114d ./Middlewares/Third_Party/QuantumLeaps_RTEF_qpc/src/qs/qs.o
 .debug_info    0x00011e5f     0x1357 ./Middlewares/Third_Party/QuantumLeaps_RTEF_qpc/src/qs/qs_rx.o
 .debug_info    0x000131b6       0x8f ./Middlewares/Third_Party/QuantumLeaps_RTEF_qpc/src/qs/qstamp.o

.debug_abbrev   0x00000000     0x4911
 .debug_abbrev  0x00000000      0x324 ./Core/MySrc/QSpy.o
 .debug_abbrev  0x00000324      0x2ad ./Core/MySrc/blinky.o
 .debug_abbrev  0x000005d1      0x43a ./Core/MySrc/bsp.o
 .debug_abbrev  0x00000a0b      0x39d ./Core/Src/main.o
 .debug_abbrev  0x00000da8       0xf0 ./Core/Src/stm32g4xx_hal_msp.o
 .debug_abbrev  0x00000e98       0xb5 ./Core/Src/stm32g4xx_it.o
 .debug_abbrev  0x00000f4d      0x11a ./Core/Src/system_stm32g4xx.o
 .debug_abbrev  0x00001067       0x24 ./Core/Startup/startup_stm32g431rbtx.o
 .debug_abbrev  0x0000108b      0x271 ./Drivers/STM32G4xx_HAL_Driver/Src/stm32g4xx_hal.o
 .debug_abbrev  0x000012fc      0x31c ./Drivers/STM32G4xx_HAL_Driver/Src/stm32g4xx_hal_cortex.o
 .debug_abbrev  0x00001618      0x1cb ./Drivers/STM32G4xx_HAL_Driver/Src/stm32g4xx_hal_gpio.o
 .debug_abbrev  0x000017e3      0x22c ./Drivers/STM32G4xx_HAL_Driver/Src/stm32g4xx_hal_pwr_ex.o
 .debug_abbrev  0x00001a0f      0x235 ./Drivers/STM32G4xx_HAL_Driver/Src/stm32g4xx_ll_gpio.o
 .debug_abbrev  0x00001c44      0x1c3 ./Drivers/STM32G4xx_HAL_Driver/Src/stm32g4xx_ll_lpuart.o
 .debug_abbrev  0x00001e07      0x234 ./Drivers/STM32G4xx_HAL_Driver/Src/stm32g4xx_ll_rcc.o
 .debug_abbrev  0x0000203b      0x25e ./Drivers/STM32G4xx_HAL_Driver/Src/stm32g4xx_ll_utils.o
 .debug_abbrev  0x00002299       0xe6 ./Middlewares/Third_Party/QuantumLeaps_RTEF_qpc/ports/arm-cm/qk/gnu/qk_port.o
 .debug_abbrev  0x0000237f      0x384 ./Middlewares/Third_Party/QuantumLeaps_RTEF_qpc/src/qf/qep_hsm.o
 .debug_abbrev  0x00002703      0x210 ./Middlewares/Third_Party/QuantumLeaps_RTEF_qpc/src/qf/qf_act.o
 .debug_abbrev  0x00002913      0x3ea ./Middlewares/Third_Party/QuantumLeaps_RTEF_qpc/src/qf/qf_actq.o
 .debug_abbrev  0x00002cfd      0x33e ./Middlewares/Third_Party/QuantumLeaps_RTEF_qpc/src/qf/qf_dyn.o
 .debug_abbrev  0x0000303b      0x245 ./Middlewares/Third_Party/QuantumLeaps_RTEF_qpc/src/qf/qf_mem.o
 .debug_abbrev  0x00003280      0x3b8 ./Middlewares/Third_Party/QuantumLeaps_RTEF_qpc/src/qf/qf_ps.o
 .debug_abbrev  0x00003638      0x278 ./Middlewares/Third_Party/QuantumLeaps_RTEF_qpc/src/qf/qf_qact.o
 .debug_abbrev  0x000038b0      0x284 ./Middlewares/Third_Party/QuantumLeaps_RTEF_qpc/src/qf/qf_qeq.o
 .debug_abbrev  0x00003b34      0x355 ./Middlewares/Third_Party/QuantumLeaps_RTEF_qpc/src/qf/qf_time.o
 .debug_abbrev  0x00003e89      0x3f8 ./Middlewares/Third_Party/QuantumLeaps_RTEF_qpc/src/qk/qk.o
 .debug_abbrev  0x00004281      0x2cc ./Middlewares/Third_Party/QuantumLeaps_RTEF_qpc/src/qs/qs.o
 .debug_abbrev  0x0000454d      0x35d ./Middlewares/Third_Party/QuantumLeaps_RTEF_qpc/src/qs/qs_rx.o
 .debug_abbrev  0x000048aa       0x67 ./Middlewares/Third_Party/QuantumLeaps_RTEF_qpc/src/qs/qstamp.o

.debug_aranges  0x00000000     0x1028
 .debug_aranges
                0x00000000       0x60 ./Core/MySrc/QSpy.o
 .debug_aranges
                0x00000060       0x38 ./Core/MySrc/blinky.o
 .debug_aranges
                0x00000098       0xb8 ./Core/MySrc/bsp.o
 .debug_aranges
                0x00000150      0x120 ./Core/Src/main.o
 .debug_aranges
                0x00000270       0x20 ./Core/Src/stm32g4xx_hal_msp.o
 .debug_aranges
                0x00000290       0x58 ./Core/Src/stm32g4xx_it.o
 .debug_aranges
                0x000002e8       0x28 ./Core/Src/system_stm32g4xx.o
 .debug_aranges
                0x00000310       0x28 ./Core/Startup/startup_stm32g431rbtx.o
 .debug_aranges
                0x00000338      0x148 ./Drivers/STM32G4xx_HAL_Driver/Src/stm32g4xx_hal.o
 .debug_aranges
                0x00000480      0x128 ./Drivers/STM32G4xx_HAL_Driver/Src/stm32g4xx_hal_cortex.o
 .debug_aranges
                0x000005a8       0x58 ./Drivers/STM32G4xx_HAL_Driver/Src/stm32g4xx_hal_gpio.o
 .debug_aranges
                0x00000600      0x140 ./Drivers/STM32G4xx_HAL_Driver/Src/stm32g4xx_hal_pwr_ex.o
 .debug_aranges
                0x00000740       0x70 ./Drivers/STM32G4xx_HAL_Driver/Src/stm32g4xx_ll_gpio.o
 .debug_aranges
                0x000007b0       0x68 ./Drivers/STM32G4xx_HAL_Driver/Src/stm32g4xx_ll_lpuart.o
 .debug_aranges
                0x00000818      0x1b8 ./Drivers/STM32G4xx_HAL_Driver/Src/stm32g4xx_ll_rcc.o
 .debug_aranges
                0x000009d0      0x100 ./Drivers/STM32G4xx_HAL_Driver/Src/stm32g4xx_ll_utils.o
 .debug_aranges
                0x00000ad0       0x58 ./Middlewares/Third_Party/QuantumLeaps_RTEF_qpc/ports/arm-cm/qk/gnu/qk_port.o
 .debug_aranges
                0x00000b28       0x60 ./Middlewares/Third_Party/QuantumLeaps_RTEF_qpc/src/qf/qep_hsm.o
 .debug_aranges
                0x00000b88       0x20 ./Middlewares/Third_Party/QuantumLeaps_RTEF_qpc/src/qf/qf_act.o
 .debug_aranges
                0x00000ba8       0x80 ./Middlewares/Third_Party/QuantumLeaps_RTEF_qpc/src/qf/qf_actq.o
 .debug_aranges
                0x00000c28       0x70 ./Middlewares/Third_Party/QuantumLeaps_RTEF_qpc/src/qf/qf_dyn.o
 .debug_aranges
                0x00000c98       0x30 ./Middlewares/Third_Party/QuantumLeaps_RTEF_qpc/src/qf/qf_mem.o
 .debug_aranges
                0x00000cc8       0x90 ./Middlewares/Third_Party/QuantumLeaps_RTEF_qpc/src/qf/qf_ps.o
 .debug_aranges
                0x00000d58       0x30 ./Middlewares/Third_Party/QuantumLeaps_RTEF_qpc/src/qf/qf_qact.o
 .debug_aranges
                0x00000d88       0x48 ./Middlewares/Third_Party/QuantumLeaps_RTEF_qpc/src/qf/qf_qeq.o
 .debug_aranges
                0x00000dd0       0x60 ./Middlewares/Third_Party/QuantumLeaps_RTEF_qpc/src/qf/qf_time.o
 .debug_aranges
                0x00000e30       0x80 ./Middlewares/Third_Party/QuantumLeaps_RTEF_qpc/src/qk/qk.o
 .debug_aranges
                0x00000eb0       0xe8 ./Middlewares/Third_Party/QuantumLeaps_RTEF_qpc/src/qs/qs.o
 .debug_aranges
                0x00000f98       0x78 ./Middlewares/Third_Party/QuantumLeaps_RTEF_qpc/src/qs/qs_rx.o
 .debug_aranges
                0x00001010       0x18 ./Middlewares/Third_Party/QuantumLeaps_RTEF_qpc/src/qs/qstamp.o

.debug_rnglists
                0x00000000      0xbee
 .debug_rnglists
                0x00000000       0x4f ./Core/MySrc/QSpy.o
 .debug_rnglists
                0x0000004f       0x27 ./Core/MySrc/blinky.o
 .debug_rnglists
                0x00000076       0x85 ./Core/MySrc/bsp.o
 .debug_rnglists
                0x000000fb       0xd6 ./Core/Src/main.o
 .debug_rnglists
                0x000001d1       0x13 ./Core/Src/stm32g4xx_hal_msp.o
 .debug_rnglists
                0x000001e4       0x3d ./Core/Src/stm32g4xx_it.o
 .debug_rnglists
                0x00000221       0x1a ./Core/Src/system_stm32g4xx.o
 .debug_rnglists
                0x0000023b       0x19 ./Core/Startup/startup_stm32g431rbtx.o
 .debug_rnglists
                0x00000254       0xf1 ./Drivers/STM32G4xx_HAL_Driver/Src/stm32g4xx_hal.o
 .debug_rnglists
                0x00000345       0xda ./Drivers/STM32G4xx_HAL_Driver/Src/stm32g4xx_hal_cortex.o
 .debug_rnglists
                0x0000041f       0x3f ./Drivers/STM32G4xx_HAL_Driver/Src/stm32g4xx_hal_gpio.o
 .debug_rnglists
                0x0000045e       0xf1 ./Drivers/STM32G4xx_HAL_Driver/Src/stm32g4xx_hal_pwr_ex.o
 .debug_rnglists
                0x0000054f       0x51 ./Drivers/STM32G4xx_HAL_Driver/Src/stm32g4xx_ll_gpio.o
 .debug_rnglists
                0x000005a0       0x4b ./Drivers/STM32G4xx_HAL_Driver/Src/stm32g4xx_ll_lpuart.o
 .debug_rnglists
                0x000005eb      0x14d ./Drivers/STM32G4xx_HAL_Driver/Src/stm32g4xx_ll_rcc.o
 .debug_rnglists
                0x00000738       0xbf ./Drivers/STM32G4xx_HAL_Driver/Src/stm32g4xx_ll_utils.o
 .debug_rnglists
                0x000007f7       0x3d ./Middlewares/Third_Party/QuantumLeaps_RTEF_qpc/ports/arm-cm/qk/gnu/qk_port.o
 .debug_rnglists
                0x00000834       0x47 ./Middlewares/Third_Party/QuantumLeaps_RTEF_qpc/src/qf/qep_hsm.o
 .debug_rnglists
                0x0000087b       0x13 ./Middlewares/Third_Party/QuantumLeaps_RTEF_qpc/src/qf/qf_act.o
 .debug_rnglists
                0x0000088e       0x5f ./Middlewares/Third_Party/QuantumLeaps_RTEF_qpc/src/qf/qf_actq.o
 .debug_rnglists
                0x000008ed       0x54 ./Middlewares/Third_Party/QuantumLeaps_RTEF_qpc/src/qf/qf_dyn.o
 .debug_rnglists
                0x00000941       0x22 ./Middlewares/Third_Party/QuantumLeaps_RTEF_qpc/src/qf/qf_mem.o
 .debug_rnglists
                0x00000963       0x6b ./Middlewares/Third_Party/QuantumLeaps_RTEF_qpc/src/qf/qf_ps.o
 .debug_rnglists
                0x000009ce       0x20 ./Middlewares/Third_Party/QuantumLeaps_RTEF_qpc/src/qf/qf_qact.o
 .debug_rnglists
                0x000009ee       0x34 ./Middlewares/Third_Party/QuantumLeaps_RTEF_qpc/src/qf/qf_qeq.o
 .debug_rnglists
                0x00000a22       0x56 ./Middlewares/Third_Party/QuantumLeaps_RTEF_qpc/src/qf/qf_time.o
 .debug_rnglists
                0x00000a78       0x61 ./Middlewares/Third_Party/QuantumLeaps_RTEF_qpc/src/qk/qk.o
 .debug_rnglists
                0x00000ad9       0xba ./Middlewares/Third_Party/QuantumLeaps_RTEF_qpc/src/qs/qs.o
 .debug_rnglists
                0x00000b93       0x5b ./Middlewares/Third_Party/QuantumLeaps_RTEF_qpc/src/qs/qs_rx.o

.debug_macro    0x00000000    0x20b57
 .debug_macro   0x00000000      0x332 ./Core/MySrc/QSpy.o
 .debug_macro   0x00000332      0xac0 ./Core/MySrc/QSpy.o
 .debug_macro   0x00000df2       0x22 ./Core/MySrc/QSpy.o
 .debug_macro   0x00000e14       0x8e ./Core/MySrc/QSpy.o
 .debug_macro   0x00000ea2       0x51 ./Core/MySrc/QSpy.o
 .debug_macro   0x00000ef3      0x103 ./Core/MySrc/QSpy.o
 .debug_macro   0x00000ff6       0x6a ./Core/MySrc/QSpy.o
 .debug_macro   0x00001060      0x1df ./Core/MySrc/QSpy.o
 .debug_macro   0x0000123f       0x22 ./Core/MySrc/QSpy.o
 .debug_macro   0x00001261       0x74 ./Core/MySrc/QSpy.o
 .debug_macro   0x000012d5       0x10 ./Core/MySrc/QSpy.o
 .debug_macro   0x000012e5       0x1c ./Core/MySrc/QSpy.o
 .debug_macro   0x00001301      0x1b3 ./Core/MySrc/QSpy.o
 .debug_macro   0x000014b4       0x79 ./Core/MySrc/QSpy.o
 .debug_macro   0x0000152d       0x1c ./Core/MySrc/QSpy.o
 .debug_macro   0x00001549      0x191 ./Core/MySrc/QSpy.o
 .debug_macro   0x000016da       0x90 ./Core/MySrc/QSpy.o
 .debug_macro   0x0000176a       0x2e ./Core/MySrc/QSpy.o
 .debug_macro   0x00001798       0x28 ./Core/MySrc/QSpy.o
 .debug_macro   0x000017c0       0x1c ./Core/MySrc/QSpy.o
 .debug_macro   0x000017dc       0x22 ./Core/MySrc/QSpy.o
 .debug_macro   0x000017fe       0xfb ./Core/MySrc/QSpy.o
 .debug_macro   0x000018f9     0x1011 ./Core/MySrc/QSpy.o
 .debug_macro   0x0000290a      0x11f ./Core/MySrc/QSpy.o
 .debug_macro   0x00002a29    0x11350 ./Core/MySrc/QSpy.o
 .debug_macro   0x00013d79       0x6d ./Core/MySrc/QSpy.o
 .debug_macro   0x00013de6      0x14f ./Core/MySrc/QSpy.o
 .debug_macro   0x00013f35     0x3551 ./Core/MySrc/QSpy.o
 .debug_macro   0x00017486      0x189 ./Core/MySrc/QSpy.o
 .debug_macro   0x0001760f       0x5c ./Core/MySrc/QSpy.o
 .debug_macro   0x0001766b     0x141d ./Core/MySrc/QSpy.o
 .debug_macro   0x00018a88      0x535 ./Core/MySrc/QSpy.o
 .debug_macro   0x00018fbd      0x1b6 ./Core/MySrc/QSpy.o
 .debug_macro   0x00019173      0x288 ./Core/MySrc/QSpy.o
 .debug_macro   0x000193fb      0x41d ./Core/MySrc/QSpy.o
 .debug_macro   0x00019818      0x18b ./Core/MySrc/QSpy.o
 .debug_macro   0x000199a3       0x43 ./Core/MySrc/QSpy.o
 .debug_macro   0x000199e6      0x23d ./Core/MySrc/QSpy.o
 .debug_macro   0x00019c23      0x211 ./Core/MySrc/QSpy.o
 .debug_macro   0x00019e34      0x401 ./Core/MySrc/QSpy.o
 .debug_macro   0x0001a235      0x107 ./Core/MySrc/QSpy.o
 .debug_macro   0x0001a33c      0x122 ./Core/MySrc/QSpy.o
 .debug_macro   0x0001a45e      0x3d1 ./Core/MySrc/QSpy.o
 .debug_macro   0x0001a82f      0x306 ./Core/MySrc/QSpy.o
 .debug_macro   0x0001ab35       0x1c ./Core/MySrc/QSpy.o
 .debug_macro   0x0001ab51       0x61 ./Core/MySrc/QSpy.o
 .debug_macro   0x0001abb2       0x2a ./Core/MySrc/QSpy.o
 .debug_macro   0x0001abdc       0x43 ./Core/MySrc/QSpy.o
 .debug_macro   0x0001ac1f       0x34 ./Core/MySrc/QSpy.o
 .debug_macro   0x0001ac53       0x16 ./Core/MySrc/QSpy.o
 .debug_macro   0x0001ac69       0x35 ./Core/MySrc/QSpy.o
 .debug_macro   0x0001ac9e      0x369 ./Core/MySrc/QSpy.o
 .debug_macro   0x0001b007       0x10 ./Core/MySrc/QSpy.o
 .debug_macro   0x0001b017       0x16 ./Core/MySrc/QSpy.o
 .debug_macro   0x0001b02d       0x43 ./Core/MySrc/QSpy.o
 .debug_macro   0x0001b070       0x34 ./Core/MySrc/QSpy.o
 .debug_macro   0x0001b0a4       0x10 ./Core/MySrc/QSpy.o
 .debug_macro   0x0001b0b4       0x58 ./Core/MySrc/QSpy.o
 .debug_macro   0x0001b10c       0x8e ./Core/MySrc/QSpy.o
 .debug_macro   0x0001b19a       0x1c ./Core/MySrc/QSpy.o
 .debug_macro   0x0001b1b6      0x177 ./Core/MySrc/QSpy.o
 .debug_macro   0x0001b32d       0x16 ./Core/MySrc/QSpy.o
 .debug_macro   0x0001b343       0x16 ./Core/MySrc/QSpy.o
 .debug_macro   0x0001b359      0x146 ./Core/MySrc/QSpy.o
 .debug_macro   0x0001b49f      0x314 ./Core/MySrc/blinky.o
 .debug_macro   0x0001b7b3       0x9e ./Core/MySrc/blinky.o
 .debug_macro   0x0001b851      0x10b ./Core/MySrc/blinky.o
 .debug_macro   0x0001b95c       0x56 ./Core/MySrc/blinky.o
 .debug_macro   0x0001b9b2       0x22 ./Core/MySrc/blinky.o
 .debug_macro   0x0001b9d4      0x31c ./Core/MySrc/bsp.o
 .debug_macro   0x0001bcf0      0x36a ./Core/Src/main.o
 .debug_macro   0x0001c05a      0x317 ./Core/Src/main.o
 .debug_macro   0x0001c371      0x5f7 ./Core/Src/main.o
 .debug_macro   0x0001c968      0x188 ./Core/Src/main.o
 .debug_macro   0x0001caf0       0xd0 ./Core/Src/main.o
 .debug_macro   0x0001cbc0      0x28c ./Core/Src/main.o
 .debug_macro   0x0001ce4c      0x155 ./Core/Src/main.o
 .debug_macro   0x0001cfa1      0x1a6 ./Core/Src/main.o
 .debug_macro   0x0001d147       0xa0 ./Core/Src/main.o
 .debug_macro   0x0001d1e7      0x231 ./Core/Src/main.o
 .debug_macro   0x0001d418      0x63e ./Core/Src/main.o
 .debug_macro   0x0001da56      0x24e ./Core/Src/main.o
 .debug_macro   0x0001dca4      0x169 ./Core/Src/main.o
 .debug_macro   0x0001de0d       0x8e ./Core/Src/main.o
 .debug_macro   0x0001de9b      0x227 ./Core/Src/stm32g4xx_hal_msp.o
 .debug_macro   0x0001e0c2      0x231 ./Core/Src/stm32g4xx_it.o
 .debug_macro   0x0001e2f3      0x1a6 ./Core/Src/system_stm32g4xx.o
 .debug_macro   0x0001e499      0x1f4 ./Drivers/STM32G4xx_HAL_Driver/Src/stm32g4xx_hal.o
 .debug_macro   0x0001e68d      0x1a6 ./Drivers/STM32G4xx_HAL_Driver/Src/stm32g4xx_hal_cortex.o
 .debug_macro   0x0001e833      0x1ad ./Drivers/STM32G4xx_HAL_Driver/Src/stm32g4xx_hal_gpio.o
 .debug_macro   0x0001e9e0      0x1d0 ./Drivers/STM32G4xx_HAL_Driver/Src/stm32g4xx_hal_pwr_ex.o
 .debug_macro   0x0001ebb0      0x1e8 ./Drivers/STM32G4xx_HAL_Driver/Src/stm32g4xx_ll_gpio.o
 .debug_macro   0x0001ed98      0x163 ./Drivers/STM32G4xx_HAL_Driver/Src/stm32g4xx_ll_gpio.o
 .debug_macro   0x0001eefb      0x209 ./Drivers/STM32G4xx_HAL_Driver/Src/stm32g4xx_ll_lpuart.o
 .debug_macro   0x0001f104      0x311 ./Drivers/STM32G4xx_HAL_Driver/Src/stm32g4xx_ll_lpuart.o
 .debug_macro   0x0001f415      0x1fd ./Drivers/STM32G4xx_HAL_Driver/Src/stm32g4xx_ll_rcc.o
 .debug_macro   0x0001f612      0x5f1 ./Drivers/STM32G4xx_HAL_Driver/Src/stm32g4xx_ll_rcc.o
 .debug_macro   0x0001fc03      0x29a ./Drivers/STM32G4xx_HAL_Driver/Src/stm32g4xx_ll_utils.o
 .debug_macro   0x0001fe9d       0x9a ./Drivers/STM32G4xx_HAL_Driver/Src/stm32g4xx_ll_utils.o
 .debug_macro   0x0001ff37       0xe8 ./Middlewares/Third_Party/QuantumLeaps_RTEF_qpc/ports/arm-cm/qk/gnu/qk_port.o
 .debug_macro   0x0002001f       0x50 ./Middlewares/Third_Party/QuantumLeaps_RTEF_qpc/ports/arm-cm/qk/gnu/qk_port.o
 .debug_macro   0x0002006f       0xe8 ./Middlewares/Third_Party/QuantumLeaps_RTEF_qpc/src/qf/qep_hsm.o
 .debug_macro   0x00020157       0x28 ./Middlewares/Third_Party/QuantumLeaps_RTEF_qpc/src/qf/qep_hsm.o
 .debug_macro   0x0002017f       0x8d ./Middlewares/Third_Party/QuantumLeaps_RTEF_qpc/src/qf/qep_hsm.o
 .debug_macro   0x0002020c       0xd6 ./Middlewares/Third_Party/QuantumLeaps_RTEF_qpc/src/qf/qf_act.o
 .debug_macro   0x000202e2       0xd6 ./Middlewares/Third_Party/QuantumLeaps_RTEF_qpc/src/qf/qf_actq.o
 .debug_macro   0x000203b8       0xd6 ./Middlewares/Third_Party/QuantumLeaps_RTEF_qpc/src/qf/qf_dyn.o
 .debug_macro   0x0002048e       0xd6 ./Middlewares/Third_Party/QuantumLeaps_RTEF_qpc/src/qf/qf_mem.o
 .debug_macro   0x00020564       0xd6 ./Middlewares/Third_Party/QuantumLeaps_RTEF_qpc/src/qf/qf_ps.o
 .debug_macro   0x0002063a       0xd6 ./Middlewares/Third_Party/QuantumLeaps_RTEF_qpc/src/qf/qf_qact.o
 .debug_macro   0x00020710       0xd6 ./Middlewares/Third_Party/QuantumLeaps_RTEF_qpc/src/qf/qf_qeq.o
 .debug_macro   0x000207e6       0xd6 ./Middlewares/Third_Party/QuantumLeaps_RTEF_qpc/src/qf/qf_time.o
 .debug_macro   0x000208bc       0xd6 ./Middlewares/Third_Party/QuantumLeaps_RTEF_qpc/src/qk/qk.o
 .debug_macro   0x00020992       0xd7 ./Middlewares/Third_Party/QuantumLeaps_RTEF_qpc/src/qs/qs.o
 .debug_macro   0x00020a69       0xd3 ./Middlewares/Third_Party/QuantumLeaps_RTEF_qpc/src/qs/qs_rx.o
 .debug_macro   0x00020b3c       0x1b ./Middlewares/Third_Party/QuantumLeaps_RTEF_qpc/src/qs/qstamp.o

.debug_line     0x00000000    0x112fc
 .debug_line    0x00000000      0xa37 ./Core/MySrc/QSpy.o
 .debug_line    0x00000a37      0x9d1 ./Core/MySrc/blinky.o
 .debug_line    0x00001408      0xb64 ./Core/MySrc/bsp.o
 .debug_line    0x00001f6c      0xf41 ./Core/Src/main.o
 .debug_line    0x00002ead      0x764 ./Core/Src/stm32g4xx_hal_msp.o
 .debug_line    0x00003611      0x80c ./Core/Src/stm32g4xx_it.o
 .debug_line    0x00003e1d      0x6b7 ./Core/Src/system_stm32g4xx.o
 .debug_line    0x000044d4       0x7b ./Core/Startup/startup_stm32g431rbtx.o
 .debug_line    0x0000454f      0xa73 ./Drivers/STM32G4xx_HAL_Driver/Src/stm32g4xx_hal.o
 .debug_line    0x00004fc2      0xc06 ./Drivers/STM32G4xx_HAL_Driver/Src/stm32g4xx_hal_cortex.o
 .debug_line    0x00005bc8      0xa8c ./Drivers/STM32G4xx_HAL_Driver/Src/stm32g4xx_hal_gpio.o
 .debug_line    0x00006654      0xbe2 ./Drivers/STM32G4xx_HAL_Driver/Src/stm32g4xx_hal_pwr_ex.o
 .debug_line    0x00007236      0x96e ./Drivers/STM32G4xx_HAL_Driver/Src/stm32g4xx_ll_gpio.o
 .debug_line    0x00007ba4      0x7eb ./Drivers/STM32G4xx_HAL_Driver/Src/stm32g4xx_ll_lpuart.o
 .debug_line    0x0000838f     0x105a ./Drivers/STM32G4xx_HAL_Driver/Src/stm32g4xx_ll_rcc.o
 .debug_line    0x000093e9      0xbe6 ./Drivers/STM32G4xx_HAL_Driver/Src/stm32g4xx_ll_utils.o
 .debug_line    0x00009fcf      0x515 ./Middlewares/Third_Party/QuantumLeaps_RTEF_qpc/ports/arm-cm/qk/gnu/qk_port.o
 .debug_line    0x0000a4e4      0xb11 ./Middlewares/Third_Party/QuantumLeaps_RTEF_qpc/src/qf/qep_hsm.o
 .debug_line    0x0000aff5      0x4a0 ./Middlewares/Third_Party/QuantumLeaps_RTEF_qpc/src/qf/qf_act.o
 .debug_line    0x0000b495      0x92e ./Middlewares/Third_Party/QuantumLeaps_RTEF_qpc/src/qf/qf_actq.o
 .debug_line    0x0000bdc3      0x7b1 ./Middlewares/Third_Party/QuantumLeaps_RTEF_qpc/src/qf/qf_dyn.o
 .debug_line    0x0000c574      0x64d ./Middlewares/Third_Party/QuantumLeaps_RTEF_qpc/src/qf/qf_mem.o
 .debug_line    0x0000cbc1      0x877 ./Middlewares/Third_Party/QuantumLeaps_RTEF_qpc/src/qf/qf_ps.o
 .debug_line    0x0000d438      0x575 ./Middlewares/Third_Party/QuantumLeaps_RTEF_qpc/src/qf/qf_qact.o
 .debug_line    0x0000d9ad      0x718 ./Middlewares/Third_Party/QuantumLeaps_RTEF_qpc/src/qf/qf_qeq.o
 .debug_line    0x0000e0c5      0x8a2 ./Middlewares/Third_Party/QuantumLeaps_RTEF_qpc/src/qf/qf_time.o
 .debug_line    0x0000e967      0x8c8 ./Middlewares/Third_Party/QuantumLeaps_RTEF_qpc/src/qk/qk.o
 .debug_line    0x0000f22f     0x12ba ./Middlewares/Third_Party/QuantumLeaps_RTEF_qpc/src/qs/qs.o
 .debug_line    0x000104e9      0xd6d ./Middlewares/Third_Party/QuantumLeaps_RTEF_qpc/src/qs/qs_rx.o
 .debug_line    0x00011256       0xa6 ./Middlewares/Third_Party/QuantumLeaps_RTEF_qpc/src/qs/qstamp.o

.debug_str      0x00000000    0xc3f35
 .debug_str     0x00000000    0xafd71 ./Core/MySrc/QSpy.o
                              0xb08a5 (size before relaxing)
 .debug_str     0x000afd71      0x47f ./Core/MySrc/blinky.o
                              0xb09dc (size before relaxing)
 .debug_str     0x000b01f0      0xd8a ./Core/MySrc/bsp.o
                              0xb17a6 (size before relaxing)
 .debug_str     0x000b0f7a     0xdc10 ./Core/Src/main.o
                              0xbe665 (size before relaxing)
 .debug_str     0x000beb8a       0x4d ./Core/Src/stm32g4xx_hal_msp.o
                              0xb7968 (size before relaxing)
 .debug_str     0x000bebd7       0xd3 ./Core/Src/stm32g4xx_it.o
                              0xb7881 (size before relaxing)
 .debug_str     0x000becaa       0x77 ./Core/Src/system_stm32g4xx.o
                              0xaa44f (size before relaxing)
 .debug_str     0x000bed21       0x44 ./Core/Startup/startup_stm32g431rbtx.o
                                 0x7c (size before relaxing)
 .debug_str     0x000bed65      0x5d4 ./Drivers/STM32G4xx_HAL_Driver/Src/stm32g4xx_hal.o
                              0xaaf8e (size before relaxing)
 .debug_str     0x000bf339      0x2db ./Drivers/STM32G4xx_HAL_Driver/Src/stm32g4xx_hal_cortex.o
                              0xaac4a (size before relaxing)
 .debug_str     0x000bf614      0x11a ./Drivers/STM32G4xx_HAL_Driver/Src/stm32g4xx_hal_gpio.o
                              0xaa5da (size before relaxing)
 .debug_str     0x000bf72e      0x465 ./Drivers/STM32G4xx_HAL_Driver/Src/stm32g4xx_hal_pwr_ex.o
                              0xaa93d (size before relaxing)
 .debug_str     0x000bfb93      0x665 ./Drivers/STM32G4xx_HAL_Driver/Src/stm32g4xx_ll_gpio.o
                              0xabcd5 (size before relaxing)
 .debug_str     0x000c01f8      0x7d0 ./Drivers/STM32G4xx_HAL_Driver/Src/stm32g4xx_ll_lpuart.o
                              0xaff77 (size before relaxing)
 .debug_str     0x000c09c8      0xa08 ./Drivers/STM32G4xx_HAL_Driver/Src/stm32g4xx_ll_rcc.o
                              0xae34b (size before relaxing)
 .debug_str     0x000c13d0      0xf3e ./Drivers/STM32G4xx_HAL_Driver/Src/stm32g4xx_ll_utils.o
                              0xb0d12 (size before relaxing)
 .debug_str     0x000c230e      0x557 ./Middlewares/Third_Party/QuantumLeaps_RTEF_qpc/ports/arm-cm/qk/gnu/qk_port.o
                               0x5a8d (size before relaxing)
 .debug_str     0x000c2865      0x854 ./Middlewares/Third_Party/QuantumLeaps_RTEF_qpc/src/qf/qep_hsm.o
                               0x777e (size before relaxing)
 .debug_str     0x000c30b9       0xac ./Middlewares/Third_Party/QuantumLeaps_RTEF_qpc/src/qf/qf_act.o
                               0x6f03 (size before relaxing)
 .debug_str     0x000c3165      0x1eb ./Middlewares/Third_Party/QuantumLeaps_RTEF_qpc/src/qf/qf_actq.o
                               0x76d2 (size before relaxing)
 .debug_str     0x000c3350       0xf5 ./Middlewares/Third_Party/QuantumLeaps_RTEF_qpc/src/qf/qf_dyn.o
                               0x741e (size before relaxing)
 .debug_str     0x000c3445       0x57 ./Middlewares/Third_Party/QuantumLeaps_RTEF_qpc/src/qf/qf_mem.o
                               0x732d (size before relaxing)
 .debug_str     0x000c349c      0x161 ./Middlewares/Third_Party/QuantumLeaps_RTEF_qpc/src/qf/qf_ps.o
                               0x76d7 (size before relaxing)
 .debug_str     0x000c35fd       0x7c ./Middlewares/Third_Party/QuantumLeaps_RTEF_qpc/src/qf/qf_qact.o
                               0x6f6b (size before relaxing)
 .debug_str     0x000c3679       0x90 ./Middlewares/Third_Party/QuantumLeaps_RTEF_qpc/src/qf/qf_qeq.o
                               0x733e (size before relaxing)
 .debug_str     0x000c3709       0xc1 ./Middlewares/Third_Party/QuantumLeaps_RTEF_qpc/src/qf/qf_time.o
                               0x7614 (size before relaxing)
 .debug_str     0x000c37ca       0x98 ./Middlewares/Third_Party/QuantumLeaps_RTEF_qpc/src/qk/qk.o
                               0x77f0 (size before relaxing)
 .debug_str     0x000c3862      0x205 ./Middlewares/Third_Party/QuantumLeaps_RTEF_qpc/src/qs/qs.o
                               0x7613 (size before relaxing)
 .debug_str     0x000c3a67      0x48d ./Middlewares/Third_Party/QuantumLeaps_RTEF_qpc/src/qs/qs_rx.o
                               0x7a6c (size before relaxing)
 .debug_str     0x000c3ef4       0x41 ./Middlewares/Third_Party/QuantumLeaps_RTEF_qpc/src/qs/qstamp.o
                               0x2e74 (size before relaxing)

.comment        0x00000000       0x43
 .comment       0x00000000       0x43 ./Core/MySrc/QSpy.o
                                 0x44 (size before relaxing)
 .comment       0x00000043       0x44 ./Core/MySrc/blinky.o
 .comment       0x00000043       0x44 ./Core/MySrc/bsp.o
 .comment       0x00000043       0x44 ./Core/Src/main.o
 .comment       0x00000043       0x44 ./Core/Src/stm32g4xx_hal_msp.o
 .comment       0x00000043       0x44 ./Core/Src/stm32g4xx_it.o
 .comment       0x00000043       0x44 ./Core/Src/system_stm32g4xx.o
 .comment       0x00000043       0x44 ./Drivers/STM32G4xx_HAL_Driver/Src/stm32g4xx_hal.o
 .comment       0x00000043       0x44 ./Drivers/STM32G4xx_HAL_Driver/Src/stm32g4xx_hal_cortex.o
 .comment       0x00000043       0x44 ./Drivers/STM32G4xx_HAL_Driver/Src/stm32g4xx_hal_gpio.o
 .comment       0x00000043       0x44 ./Drivers/STM32G4xx_HAL_Driver/Src/stm32g4xx_hal_pwr_ex.o
 .comment       0x00000043       0x44 ./Drivers/STM32G4xx_HAL_Driver/Src/stm32g4xx_ll_gpio.o
 .comment       0x00000043       0x44 ./Drivers/STM32G4xx_HAL_Driver/Src/stm32g4xx_ll_lpuart.o
 .comment       0x00000043       0x44 ./Drivers/STM32G4xx_HAL_Driver/Src/stm32g4xx_ll_rcc.o
 .comment       0x00000043       0x44 ./Drivers/STM32G4xx_HAL_Driver/Src/stm32g4xx_ll_utils.o
 .comment       0x00000043       0x44 ./Middlewares/Third_Party/QuantumLeaps_RTEF_qpc/ports/arm-cm/qk/gnu/qk_port.o
 .comment       0x00000043       0x44 ./Middlewares/Third_Party/QuantumLeaps_RTEF_qpc/src/qf/qep_hsm.o
 .comment       0x00000043       0x44 ./Middlewares/Third_Party/QuantumLeaps_RTEF_qpc/src/qf/qf_act.o
 .comment       0x00000043       0x44 ./Middlewares/Third_Party/QuantumLeaps_RTEF_qpc/src/qf/qf_actq.o
 .comment       0x00000043       0x44 ./Middlewares/Third_Party/QuantumLeaps_RTEF_qpc/src/qf/qf_dyn.o
 .comment       0x00000043       0x44 ./Middlewares/Third_Party/QuantumLeaps_RTEF_qpc/src/qf/qf_mem.o
 .comment       0x00000043       0x44 ./Middlewares/Third_Party/QuantumLeaps_RTEF_qpc/src/qf/qf_ps.o
 .comment       0x00000043       0x44 ./Middlewares/Third_Party/QuantumLeaps_RTEF_qpc/src/qf/qf_qact.o
 .comment       0x00000043       0x44 ./Middlewares/Third_Party/QuantumLeaps_RTEF_qpc/src/qf/qf_qeq.o
 .comment       0x00000043       0x44 ./Middlewares/Third_Party/QuantumLeaps_RTEF_qpc/src/qf/qf_time.o
 .comment       0x00000043       0x44 ./Middlewares/Third_Party/QuantumLeaps_RTEF_qpc/src/qk/qk.o
 .comment       0x00000043       0x44 ./Middlewares/Third_Party/QuantumLeaps_RTEF_qpc/src/qs/qs.o
 .comment       0x00000043       0x44 ./Middlewares/Third_Party/QuantumLeaps_RTEF_qpc/src/qs/qs_rx.o
 .comment       0x00000043       0x44 ./Middlewares/Third_Party/QuantumLeaps_RTEF_qpc/src/qs/qstamp.o

.debug_frame    0x00000000     0x3da8
 .debug_frame   0x00000000      0x140 ./Core/MySrc/QSpy.o
 .debug_frame   0x00000140       0xa0 ./Core/MySrc/blinky.o
 .debug_frame   0x000001e0      0x2bc ./Core/MySrc/bsp.o
 .debug_frame   0x0000049c      0x4c8 ./Core/Src/main.o
 .debug_frame   0x00000964       0x34 ./Core/Src/stm32g4xx_hal_msp.o
 .debug_frame   0x00000998       0xec ./Core/Src/stm32g4xx_it.o
 .debug_frame   0x00000a84       0x58 ./Core/Src/system_stm32g4xx.o
 .debug_frame   0x00000adc      0x500 ./Drivers/STM32G4xx_HAL_Driver/Src/stm32g4xx_hal.o
 .debug_frame   0x00000fdc      0x4e8 ./Drivers/STM32G4xx_HAL_Driver/Src/stm32g4xx_hal_cortex.o
 .debug_frame   0x000014c4      0x14c ./Drivers/STM32G4xx_HAL_Driver/Src/stm32g4xx_hal_gpio.o
 .debug_frame   0x00001610      0x4fc ./Drivers/STM32G4xx_HAL_Driver/Src/stm32g4xx_hal_pwr_ex.o
 .debug_frame   0x00001b0c      0x1c0 ./Drivers/STM32G4xx_HAL_Driver/Src/stm32g4xx_ll_gpio.o
 .debug_frame   0x00001ccc      0x1a0 ./Drivers/STM32G4xx_HAL_Driver/Src/stm32g4xx_ll_lpuart.o
 .debug_frame   0x00001e6c      0x74c ./Drivers/STM32G4xx_HAL_Driver/Src/stm32g4xx_ll_rcc.o
 .debug_frame   0x000025b8      0x420 ./Drivers/STM32G4xx_HAL_Driver/Src/stm32g4xx_ll_utils.o
 .debug_frame   0x000029d8       0xa8 ./Middlewares/Third_Party/QuantumLeaps_RTEF_qpc/ports/arm-cm/qk/gnu/qk_port.o
 .debug_frame   0x00002a80      0x170 ./Middlewares/Third_Party/QuantumLeaps_RTEF_qpc/src/qf/qep_hsm.o
 .debug_frame   0x00002bf0       0x38 ./Middlewares/Third_Party/QuantumLeaps_RTEF_qpc/src/qf/qf_act.o
 .debug_frame   0x00002c28      0x1fc ./Middlewares/Third_Party/QuantumLeaps_RTEF_qpc/src/qf/qf_actq.o
 .debug_frame   0x00002e24      0x1ac ./Middlewares/Third_Party/QuantumLeaps_RTEF_qpc/src/qf/qf_dyn.o
 .debug_frame   0x00002fd0       0x7c ./Middlewares/Third_Party/QuantumLeaps_RTEF_qpc/src/qf/qf_mem.o
 .debug_frame   0x0000304c      0x254 ./Middlewares/Third_Party/QuantumLeaps_RTEF_qpc/src/qf/qf_ps.o
 .debug_frame   0x000032a0       0x7c ./Middlewares/Third_Party/QuantumLeaps_RTEF_qpc/src/qf/qf_qact.o
 .debug_frame   0x0000331c       0xf4 ./Middlewares/Third_Party/QuantumLeaps_RTEF_qpc/src/qf/qf_qeq.o
 .debug_frame   0x00003410      0x15c ./Middlewares/Third_Party/QuantumLeaps_RTEF_qpc/src/qf/qf_time.o
 .debug_frame   0x0000356c      0x1ec ./Middlewares/Third_Party/QuantumLeaps_RTEF_qpc/src/qk/qk.o
 .debug_frame   0x00003758      0x3f8 ./Middlewares/Third_Party/QuantumLeaps_RTEF_qpc/src/qs/qs.o
 .debug_frame   0x00003b50      0x1cc ./Middlewares/Third_Party/QuantumLeaps_RTEF_qpc/src/qs/qs_rx.o