../Middlewares/Third_Party/QuantumLeaps_RTEF_qpc/include/qp.h:676:20:QPSet_isEmpty	16	static
../Middlewares/Third_Party/QuantumLeaps_RTEF_qpc/include/qp.h:723:20:QPSet_remove	16	static
../Middlewares/Third_Party/QuantumLeaps_RTEF_qpc/include/qp.h:739:28:QPSet_findMax	16	static
../Middlewares/Third_Party/QuantumLeaps_RTEF_qpc/include/qp.h:753:20:QPSet_update_	16	static
../Middlewares/Third_Party/QuantumLeaps_RTEF_qpc/include/qp.h:765:20:QPSet_verify_	16	static
../Middlewares/Third_Party/QuantumLeaps_RTEF_qpc/src/qk/qk.c:75:14:QK_schedLock	24	static,ignoring_inline_asm
../Middlewares/Third_Party/QuantumLeaps_RTEF_qpc/src/qk/qk.c:114:6:QK_schedUnlock	24	static,ignoring_inline_asm
../Middlewares/Third_Party/QuantumLeaps_RTEF_qpc/src/qk/qk.c:150:14:QK_sched_	16	static
../Middlewares/Third_Party/QuantumLeaps_RTEF_qpc/src/qk/qk.c:194:6:QK_activate_	40	static
../Middlewares/Third_Party/QuantumLeaps_RTEF_qpc/src/qk/qk.c:353:6:QF_init	16	static
../Middlewares/Third_Party/QuantumLeaps_RTEF_qpc/src/qk/qk.c:384:6:QF_stop	8	static
../Middlewares/Third_Party/QuantumLeaps_RTEF_qpc/src/qk/qk.c:391:7:QF_run	8	static,ignoring_inline_asm
../Middlewares/Third_Party/QuantumLeaps_RTEF_qpc/src/qk/qk.c:440:6:QActive_start_	32	static,ignoring_inline_asm
